main.c:124:5:main	8	static
main.c:324:6:SystemClock_Config	120	static
main.c:375:13:MX_ADC1_Init	24	static
main.c:420:13:MX_I2C2_Init	8	static
main.c:454:13:MX_SPI1_Init	8	static
main.c:492:13:MX_SPI2_Init	8	static
main.c:530:13:MX_TIM2_Init	64	static
main.c:588:13:MX_TIM3_Init	48	static
main.c:636:13:MX_TIM6_Init	16	static
main.c:674:13:MX_USART1_UART_Init	8	static
main.c:707:13:MX_GPIO_Init	48	static
main.c:780:6:blocking_delay_10ms_ticks	24	static
main.c:790:6:blocking_delay_500ms_ticks	24	static
main.c:801:6:update_screen	56	static
main.c:1090:6:evaluate_state	8	static
main.c:1114:6:log_samples	48	static
main.c:1167:6:evaluate_button_inputs	16	static
main.c:1326:6:HAL_TIM_PeriodElapsedCallback	16	static
main.c:1360:6:Error_Handler	56	static,ignoring_inline_asm
