core_cm3.h:1876:26:ITM_SendChar	16	static,ignoring_inline_asm
main.c:132:5:_write	32	static
main.c:148:5:main	8	static
main.c:403:6:SystemClock_Config	120	static
main.c:454:13:MX_ADC1_Init	24	static
main.c:499:13:MX_I2C2_Init	8	static
main.c:533:13:MX_SPI1_Init	8	static
main.c:571:13:MX_SPI2_Init	8	static
main.c:609:13:MX_TIM2_Init	64	static
main.c:667:13:MX_TIM3_Init	48	static
main.c:715:13:MX_TIM6_Init	16	static
main.c:753:13:MX_USART1_UART_Init	8	static
main.c:786:13:MX_GPIO_Init	48	static
main.c:865:6:blocking_delay_10ms_ticks	24	static
main.c:881:6:blocking_delay_500ms_ticks	24	static
main.c:896:6:update_screen	56	static
main.c:1185:6:evaluate_state	8	static
main.c:1209:6:log_samples	48	static
main.c:1262:6:evaluate_button_inputs	16	static
main.c:1421:6:HAL_TIM_PeriodElapsedCallback	16	static
main.c:1455:6:Error_Handler	56	static,ignoring_inline_asm
