oled_128b64.c:24:6:display_oled_init	24	static
oled_128b64.c:98:6:setTextSize	16	static
oled_128b64.c:104:6:oled_clear	8	static
oled_128b64.c:108:6:display_oled_drawBitmap	32	static
oled_128b64.c:127:6:drawPixel	16	static
oled_128b64.c:165:6:ssd1306_commandList	24	static,ignoring_inline_asm
oled_128b64.c:186:6:ssd1306_command1	24	static,ignoring_inline_asm
oled_128b64.c:234:6:writeOledString	16	static
oled_128b64.c:246:6:writeStringHelper	48	static
oled_128b64.c:299:6:drawChar	56	static
oled_128b64.c:379:6:setFont	16	static
oled_128b64.c:395:6:fillRect	32	static
oled_128b64.c:405:6:drawFastVLine	32	static
oled_128b64.c:412:6:fillScreen	24	static
oled_128b64.c:416:6:drawLine	48	static
oled_128b64.c:460:6:updateDisplay	24	static,ignoring_inline_asm
oled_128b64.c:516:6:fill_screen	24	static
