oled_128b64.c:24:6:display_oled_init	24	static
oled_128b64.c:104:6:setTextSize	16	static
oled_128b64.c:110:6:oled_clear	8	static
oled_128b64.c:114:6:display_oled_drawBitmap	32	static
oled_128b64.c:133:6:drawPixel	16	static
oled_128b64.c:171:6:ssd1306_commandList	32	static
oled_128b64.c:196:6:ssd1306_command1	32	static
oled_128b64.c:251:6:writeOledString	16	static
oled_128b64.c:263:6:writeStringHelper	48	static
oled_128b64.c:316:6:drawChar	56	static
oled_128b64.c:396:6:setFont	16	static
oled_128b64.c:412:6:fillRect	32	static
oled_128b64.c:422:6:drawFastVLine	32	static
oled_128b64.c:429:6:fillScreen	24	static
oled_128b64.c:433:6:drawLine	48	static
oled_128b64.c:477:6:updateDisplay	32	static
oled_128b64.c:514:6:fill_screen	24	static
