oled_128b64.c:36:6:display_oled_init	24	static
oled_128b64.c:134:6:setTextSize	16	static
oled_128b64.c:148:6:oled_clear_buffer	8	static
oled_128b64.c:152:6:display_oled_drawBitmap	32	static
oled_128b64.c:171:6:drawPixel	16	static
oled_128b64.c:221:6:ssd1306_commandList	32	static
oled_128b64.c:251:6:ssd1306_command1	32	static
oled_128b64.c:294:6:writeOledString	16	static
oled_128b64.c:306:6:writeStringHelper	48	static
oled_128b64.c:363:6:drawChar	56	static
oled_128b64.c:443:6:setFont	16	static
oled_128b64.c:459:6:fillRect	32	static
oled_128b64.c:469:6:drawFastVLine	32	static
oled_128b64.c:476:6:fillScreen	24	static
oled_128b64.c:480:6:drawLine	48	static
oled_128b64.c:527:6:updateDisplay	32	static
oled_128b64.c:564:6:fill_screen	24	static
