Archive member included to satisfy reference by file (symbol)

c:/st/stm32cubeide_1.6.1/stm32cubeide/plugins/com.st.stm32cube.ide.mcu.externaltools.gnu-tools-for-stm32.9-2020-q2-update.win32_2.0.0.202105311346/tools/bin/../lib/gcc/arm-none-eabi/9.3.1/../../../../arm-none-eabi/lib/thumb/v7-m/nofp\libc_nano.a(lib_a-errno.o)
                              ./Core/Src/syscalls.o (__errno)
c:/st/stm32cubeide_1.6.1/stm32cubeide/plugins/com.st.stm32cube.ide.mcu.externaltools.gnu-tools-for-stm32.9-2020-q2-update.win32_2.0.0.202105311346/tools/bin/../lib/gcc/arm-none-eabi/9.3.1/../../../../arm-none-eabi/lib/thumb/v7-m/nofp\libc_nano.a(lib_a-exit.o)
                              c:/st/stm32cubeide_1.6.1/stm32cubeide/plugins/com.st.stm32cube.ide.mcu.externaltools.gnu-tools-for-stm32.9-2020-q2-update.win32_2.0.0.202105311346/tools/bin/../lib/gcc/arm-none-eabi/9.3.1/../../../../arm-none-eabi/lib/thumb/v7-m/nofp/crt0.o (exit)
c:/st/stm32cubeide_1.6.1/stm32cubeide/plugins/com.st.stm32cube.ide.mcu.externaltools.gnu-tools-for-stm32.9-2020-q2-update.win32_2.0.0.202105311346/tools/bin/../lib/gcc/arm-none-eabi/9.3.1/../../../../arm-none-eabi/lib/thumb/v7-m/nofp\libc_nano.a(lib_a-impure.o)
                              c:/st/stm32cubeide_1.6.1/stm32cubeide/plugins/com.st.stm32cube.ide.mcu.externaltools.gnu-tools-for-stm32.9-2020-q2-update.win32_2.0.0.202105311346/tools/bin/../lib/gcc/arm-none-eabi/9.3.1/../../../../arm-none-eabi/lib/thumb/v7-m/nofp\libc_nano.a(lib_a-exit.o) (_global_impure_ptr)
c:/st/stm32cubeide_1.6.1/stm32cubeide/plugins/com.st.stm32cube.ide.mcu.externaltools.gnu-tools-for-stm32.9-2020-q2-update.win32_2.0.0.202105311346/tools/bin/../lib/gcc/arm-none-eabi/9.3.1/../../../../arm-none-eabi/lib/thumb/v7-m/nofp\libc_nano.a(lib_a-init.o)
                              c:/st/stm32cubeide_1.6.1/stm32cubeide/plugins/com.st.stm32cube.ide.mcu.externaltools.gnu-tools-for-stm32.9-2020-q2-update.win32_2.0.0.202105311346/tools/bin/../lib/gcc/arm-none-eabi/9.3.1/../../../../arm-none-eabi/lib/thumb/v7-m/nofp/crt0.o (__libc_init_array)
c:/st/stm32cubeide_1.6.1/stm32cubeide/plugins/com.st.stm32cube.ide.mcu.externaltools.gnu-tools-for-stm32.9-2020-q2-update.win32_2.0.0.202105311346/tools/bin/../lib/gcc/arm-none-eabi/9.3.1/../../../../arm-none-eabi/lib/thumb/v7-m/nofp\libc_nano.a(lib_a-memset.o)
                              c:/st/stm32cubeide_1.6.1/stm32cubeide/plugins/com.st.stm32cube.ide.mcu.externaltools.gnu-tools-for-stm32.9-2020-q2-update.win32_2.0.0.202105311346/tools/bin/../lib/gcc/arm-none-eabi/9.3.1/../../../../arm-none-eabi/lib/thumb/v7-m/nofp/crt0.o (memset)
c:/st/stm32cubeide_1.6.1/stm32cubeide/plugins/com.st.stm32cube.ide.mcu.externaltools.gnu-tools-for-stm32.9-2020-q2-update.win32_2.0.0.202105311346/tools/bin/../lib/gcc/arm-none-eabi/9.3.1/../../../../arm-none-eabi/lib/thumb/v7-m/nofp\libc_nano.a(lib_a-sprintf.o)
                              ./Core/Src/main.o (sprintf)
c:/st/stm32cubeide_1.6.1/stm32cubeide/plugins/com.st.stm32cube.ide.mcu.externaltools.gnu-tools-for-stm32.9-2020-q2-update.win32_2.0.0.202105311346/tools/bin/../lib/gcc/arm-none-eabi/9.3.1/../../../../arm-none-eabi/lib/thumb/v7-m/nofp\libc_nano.a(lib_a-strcat.o)
                              ./Core/Src/main.o (strcat)
c:/st/stm32cubeide_1.6.1/stm32cubeide/plugins/com.st.stm32cube.ide.mcu.externaltools.gnu-tools-for-stm32.9-2020-q2-update.win32_2.0.0.202105311346/tools/bin/../lib/gcc/arm-none-eabi/9.3.1/../../../../arm-none-eabi/lib/thumb/v7-m/nofp\libc_nano.a(lib_a-nano-svfprintf.o)
                              c:/st/stm32cubeide_1.6.1/stm32cubeide/plugins/com.st.stm32cube.ide.mcu.externaltools.gnu-tools-for-stm32.9-2020-q2-update.win32_2.0.0.202105311346/tools/bin/../lib/gcc/arm-none-eabi/9.3.1/../../../../arm-none-eabi/lib/thumb/v7-m/nofp\libc_nano.a(lib_a-sprintf.o) (_svfprintf_r)
c:/st/stm32cubeide_1.6.1/stm32cubeide/plugins/com.st.stm32cube.ide.mcu.externaltools.gnu-tools-for-stm32.9-2020-q2-update.win32_2.0.0.202105311346/tools/bin/../lib/gcc/arm-none-eabi/9.3.1/../../../../arm-none-eabi/lib/thumb/v7-m/nofp\libc_nano.a(lib_a-nano-vfprintf_i.o)
                              c:/st/stm32cubeide_1.6.1/stm32cubeide/plugins/com.st.stm32cube.ide.mcu.externaltools.gnu-tools-for-stm32.9-2020-q2-update.win32_2.0.0.202105311346/tools/bin/../lib/gcc/arm-none-eabi/9.3.1/../../../../arm-none-eabi/lib/thumb/v7-m/nofp\libc_nano.a(lib_a-nano-svfprintf.o) (_printf_i)
c:/st/stm32cubeide_1.6.1/stm32cubeide/plugins/com.st.stm32cube.ide.mcu.externaltools.gnu-tools-for-stm32.9-2020-q2-update.win32_2.0.0.202105311346/tools/bin/../lib/gcc/arm-none-eabi/9.3.1/../../../../arm-none-eabi/lib/thumb/v7-m/nofp\libc_nano.a(lib_a-memchr-stub.o)
                              c:/st/stm32cubeide_1.6.1/stm32cubeide/plugins/com.st.stm32cube.ide.mcu.externaltools.gnu-tools-for-stm32.9-2020-q2-update.win32_2.0.0.202105311346/tools/bin/../lib/gcc/arm-none-eabi/9.3.1/../../../../arm-none-eabi/lib/thumb/v7-m/nofp\libc_nano.a(lib_a-nano-svfprintf.o) (memchr)
[...]
Memory Configuration

Name             Origin             Length             Attributes
RAM              0x0000000020000000 0x0000000000010000 xrw
FLASH            0x0000000008000000 0x0000000000020000 xr
*default*        0x0000000000000000 0xffffffffffffffff

Linker script and memory map

LOAD c:/st/stm32cubeide_1.6.1/stm32cubeide/plugins/com.st.stm32cube.ide.mcu.externaltools.gnu-tools-for-stm32.9-2020-q2-update.win32_2.0.0.202105311346/tools/bin/../lib/gcc/arm-none-eabi/9.3.1/thumb/v7-m/nofp/crti.o
LOAD c:/st/stm32cubeide_1.6.1/stm32cubeide/plugins/com.st.stm32cube.ide.mcu.externaltools.gnu-tools-for-stm32.9-2020-q2-update.win32_2.0.0.202105311346/tools/bin/../lib/gcc/arm-none-eabi/9.3.1/thumb/v7-m/nofp/crtbegin.o
LOAD c:/st/stm32cubeide_1.6.1/stm32cubeide/plugins/com.st.stm32cube.ide.mcu.externaltools.gnu-tools-for-stm32.9-2020-q2-update.win32_2.0.0.202105311346/tools/bin/../lib/gcc/arm-none-eabi/9.3.1/../../../../arm-none-eabi/lib/thumb/v7-m/nofp/crt0.o
LOAD ./Core/Src/FreeSans9pt7b.o
LOAD ./Core/Src/ad4681.o
LOAD ./Core/Src/fatfs_sd.o
LOAD ./Core/Src/main.o
LOAD ./Core/Src/oled_128b64.o
LOAD ./Core/Src/stm32f1xx_hal_msp.o
LOAD ./Core/Src/stm32f1xx_it.o
LOAD ./Core/Src/syscalls.o
LOAD ./Core/Src/sysmem.o
LOAD ./Core/Src/system_stm32f1xx.o
LOAD ./Core/Src/timer.o
LOAD ./Core/Src/uart.o
LOAD ./Core/Startup/startup_stm32f105vbhx.o
LOAD ./Drivers/STM32F1xx_HAL_Driver/Src/stm32f1xx_hal.o
LOAD ./Drivers/STM32F1xx_HAL_Driver/Src/stm32f1xx_hal_adc.o
LOAD ./Drivers/STM32F1xx_HAL_Driver/Src/stm32f1xx_hal_adc_ex.o
LOAD ./Drivers/STM32F1xx_HAL_Driver/Src/stm32f1xx_hal_cortex.o
LOAD ./Drivers/STM32F1xx_HAL_Driver/Src/stm32f1xx_hal_dma.o
LOAD ./Drivers/STM32F1xx_HAL_Driver/Src/stm32f1xx_hal_exti.o
LOAD ./Drivers/STM32F1xx_HAL_Driver/Src/stm32f1xx_hal_flash.o
LOAD ./Drivers/STM32F1xx_HAL_Driver/Src/stm32f1xx_hal_flash_ex.o
LOAD ./Drivers/STM32F1xx_HAL_Driver/Src/stm32f1xx_hal_gpio.o
LOAD ./Drivers/STM32F1xx_HAL_Driver/Src/stm32f1xx_hal_gpio_ex.o
LOAD ./Drivers/STM32F1xx_HAL_Driver/Src/stm32f1xx_hal_i2c.o
LOAD ./Drivers/STM32F1xx_HAL_Driver/Src/stm32f1xx_hal_pwr.o
LOAD ./Drivers/STM32F1xx_HAL_Driver/Src/stm32f1xx_hal_rcc.o
LOAD ./Drivers/STM32F1xx_HAL_Driver/Src/stm32f1xx_hal_rcc_ex.o
LOAD ./Drivers/STM32F1xx_HAL_Driver/Src/stm32f1xx_hal_spi.o
LOAD ./Drivers/STM32F1xx_HAL_Driver/Src/stm32f1xx_hal_tim.o
LOAD ./Drivers/STM32F1xx_HAL_Driver/Src/stm32f1xx_hal_tim_ex.o
LOAD ./Drivers/STM32F1xx_HAL_Driver/Src/stm32f1xx_hal_uart.o
LOAD ./FATFS/App/fatfs.o
LOAD ./FATFS/Target/user_diskio.o
LOAD ./Middlewares/Third_Party/FatFs/src/diskio.o
LOAD ./Middlewares/Third_Party/FatFs/src/ff.o
LOAD ./Middlewares/Third_Party/FatFs/src/ff_gen_drv.o
LOAD ./Middlewares/Third_Party/FatFs/src/option/ccsbcs.o
LOAD ./Middlewares/Third_Party/FatFs/src/option/syscall.o
START GROUP
LOAD c:/st/stm32cubeide_1.6.1/stm32cubeide/plugins/com.st.stm32cube.ide.mcu.externaltools.gnu-tools-for-stm32.9-2020-q2-update.win32_2.0.0.202105311346/tools/bin/../lib/gcc/arm-none-eabi/9.3.1/../../../../arm-none-eabi/lib/thumb/v7-m/nofp\libc_nano.a
LOAD c:/st/stm32cubeide_1.6.1/stm32cubeide/plugins/com.st.stm32cube.ide.mcu.externaltools.gnu-tools-for-stm32.9-2020-q2-update.win32_2.0.0.202105311346/tools/bin/../lib/gcc/arm-none-eabi/9.3.1/../../../../arm-none-eabi/lib/thumb/v7-m/nofp\libm.a
END GROUP
START GROUP
LOAD c:/st/stm32cubeide_1.6.1/stm32cubeide/plugins/com.st.stm32cube.ide.mcu.externaltools.gnu-tools-for-stm32.9-2020-q2-update.win32_2.0.0.202105311346/tools/bin/../lib/gcc/arm-none-eabi/9.3.1/thumb/v7-m/nofp\libgcc.a
LOAD c:/st/stm32cubeide_1.6.1/stm32cubeide/plugins/com.st.stm32cube.ide.mcu.externaltools.gnu-tools-for-stm32.9-2020-q2-update.win32_2.0.0.202105311346/tools/bin/../lib/gcc/arm-none-eabi/9.3.1/../../../../arm-none-eabi/lib/thumb/v7-m/nofp\libc_nano.a
END GROUP
START GROUP
LOAD c:/st/stm32cubeide_1.6.1/stm32cubeide/plugins/com.st.stm32cube.ide.mcu.externaltools.gnu-tools-for-stm32.9-2020-q2-update.win32_2.0.0.202105311346/tools/bin/../lib/gcc/arm-none-eabi/9.3.1/thumb/v7-m/nofp\libgcc.a
LOAD c:/st/stm32cubeide_1.6.1/stm32cubeide/plugins/com.st.stm32cube.ide.mcu.externaltools.gnu-tools-for-stm32.9-2020-q2-update.win32_2.0.0.202105311346/tools/bin/../lib/gcc/arm-none-eabi/9.3.1/../../../../arm-none-eabi/lib/thumb/v7-m/nofp\libc_nano.a
LOAD c:/st/stm32cubeide_1.6.1/stm32cubeide/plugins/com.st.stm32cube.ide.mcu.externaltools.gnu-tools-for-stm32.9-2020-q2-update.win32_2.0.0.202105311346/tools/bin/../lib/gcc/arm-none-eabi/9.3.1/../../../../arm-none-eabi/lib/thumb/v7-m/nofp\libnosys.a
END GROUP
START GROUP
LOAD c:/st/stm32cubeide_1.6.1/stm32cubeide/plugins/com.st.stm32cube.ide.mcu.externaltools.gnu-tools-for-stm32.9-2020-q2-update.win32_2.0.0.202105311346/tools/bin/../lib/gcc/arm-none-eabi/9.3.1/thumb/v7-m/nofp\libgcc.a
LOAD c:/st/stm32cubeide_1.6.1/stm32cubeide/plugins/com.st.stm32cube.ide.mcu.externaltools.gnu-tools-for-stm32.9-2020-q2-update.win32_2.0.0.202105311346/tools/bin/../lib/gcc/arm-none-eabi/9.3.1/../../../../arm-none-eabi/lib/thumb/v7-m/nofp\libc_nano.a
LOAD c:/st/stm32cubeide_1.6.1/stm32cubeide/plugins/com.st.stm32cube.ide.mcu.externaltools.gnu-tools-for-stm32.9-2020-q2-update.win32_2.0.0.202105311346/tools/bin/../lib/gcc/arm-none-eabi/9.3.1/../../../../arm-none-eabi/lib/thumb/v7-m/nofp\libnosys.a
END GROUP
LOAD c:/st/stm32cubeide_1.6.1/stm32cubeide/plugins/com.st.stm32cube.ide.mcu.externaltools.gnu-tools-for-stm32.9-2020-q2-update.win32_2.0.0.202105311346/tools/bin/../lib/gcc/arm-none-eabi/9.3.1/thumb/v7-m/nofp/crtend.o
LOAD c:/st/stm32cubeide_1.6.1/stm32cubeide/plugins/com.st.stm32cube.ide.mcu.externaltools.gnu-tools-for-stm32.9-2020-q2-update.win32_2.0.0.202105311346/tools/bin/../lib/gcc/arm-none-eabi/9.3.1/thumb/v7-m/nofp/crtn.o
                0x0000000020010000                _estack = (ORIGIN (RAM) + LENGTH (RAM))
                0x0000000000000200                _Min_Heap_Size = 0x200
                0x0000000000000400                _Min_Stack_Size = 0x400

.isr_vector     0x0000000008000000      0x1e4
                0x0000000008000000                . = ALIGN (0x4)
 *(.isr_vector)
 .isr_vector    0x0000000008000000      0x1e4 ./Core/Startup/startup_stm32f105vbhx.o
                0x0000000008000000                g_pfnVectors
                0x00000000080001e4                . = ALIGN (0x4)

.text           0x00000000080001e4     0x7394
                0x00000000080001e4                . = ALIGN (0x4)
 *(.text)
 .text          0x00000000080001e4       0x40 c:/st/stm32cubeide_1.6.1/stm32cubeide/plugins/com.st.stm32cube.ide.mcu.externaltools.gnu-tools-for-stm32.9-2020-q2-update.win32_2.0.0.202105311346/tools/bin/../lib/gcc/arm-none-eabi/9.3.1/thumb/v7-m/nofp/crtbegin.o
 .text          0x0000000008000224      0x254 c:/st/stm32cubeide_1.6.1/stm32cubeide/plugins/com.st.stm32cube.ide.mcu.externaltools.gnu-tools-for-stm32.9-2020-q2-update.win32_2.0.0.202105311346/tools/bin/../lib/gcc/arm-none-eabi/9.3.1/thumb/v7-m/nofp\libgcc.a(_arm_muldf3.o)
                0x0000000008000224                __muldf3
                0x0000000008000224                __aeabi_dmul
 .text          0x0000000008000478      0x378 c:/st/stm32cubeide_1.6.1/stm32cubeide/plugins/com.st.stm32cube.ide.mcu.externaltools.gnu-tools-for-stm32.9-2020-q2-update.win32_2.0.0.202105311346/tools/bin/../lib/gcc/arm-none-eabi/9.3.1/thumb/v7-m/nofp\libgcc.a(_arm_addsubdf3.o)
                0x0000000008000478                __aeabi_drsub
                0x0000000008000480                __aeabi_dsub
                0x0000000008000480                __subdf3
                0x0000000008000484                __aeabi_dadd
                0x0000000008000484                __adddf3
                0x00000000080006fc                __floatunsidf
                0x00000000080006fc                __aeabi_ui2d
                0x000000000800071c                __floatsidf
                0x000000000800071c                __aeabi_i2d
                0x0000000008000740                __aeabi_f2d
                0x0000000008000740                __extendsfdf2
                0x0000000008000784                __floatundidf
                0x0000000008000784                __aeabi_ul2d
                0x0000000008000794                __floatdidf
                0x0000000008000794                __aeabi_l2d
 .text          0x00000000080007f0       0x40 c:/st/stm32cubeide_1.6.1/stm32cubeide/plugins/com.st.stm32cube.ide.mcu.externaltools.gnu-tools-for-stm32.9-2020-q2-update.win32_2.0.0.202105311346/tools/bin/../lib/gcc/arm-none-eabi/9.3.1/thumb/v7-m/nofp\libgcc.a(_arm_fixunsdfsi.o)
                0x00000000080007f0                __aeabi_d2uiz
                0x00000000080007f0                __fixunsdfsi
 .text          0x0000000008000830       0xa0 c:/st/stm32cubeide_1.6.1/stm32cubeide/plugins/com.st.stm32cube.ide.mcu.externaltools.gnu-tools-for-stm32.9-2020-q2-update.win32_2.0.0.202105311346/tools/bin/../lib/gcc/arm-none-eabi/9.3.1/thumb/v7-m/nofp\libgcc.a(_arm_truncdfsf2.o)
                0x0000000008000830                __truncdfsf2
                0x0000000008000830                __aeabi_d2f
 .text          0x00000000080008d0      0x21c c:/st/stm32cubeide_1.6.1/stm32cubeide/plugins/com.st.stm32cube.ide.mcu.externaltools.gnu-tools-for-stm32.9-2020-q2-update.win32_2.0.0.202105311346/tools/bin/../lib/gcc/arm-none-eabi/9.3.1/thumb/v7-m/nofp\libgcc.a(_arm_addsubsf3.o)
                0x00000000080008d0                __aeabi_frsub
                0x00000000080008d8                __subsf3
                0x00000000080008d8                __aeabi_fsub
                0x00000000080008dc                __aeabi_fadd
                0x00000000080008dc                __addsf3
                0x0000000008000a3c                __aeabi_ui2f
                0x0000000008000a3c                __floatunsisf
                0x0000000008000a44                __aeabi_i2f
                0x0000000008000a44                __floatsisf
                0x0000000008000a60                __aeabi_ul2f
                0x0000000008000a60                __floatundisf
                0x0000000008000a70                __aeabi_l2f
                0x0000000008000a70                __floatdisf
 .text          0x0000000008000aec      0x2a0 c:/st/stm32cubeide_1.6.1/stm32cubeide/plugins/com.st.stm32cube.ide.mcu.externaltools.gnu-tools-for-stm32.9-2020-q2-update.win32_2.0.0.202105311346/tools/bin/../lib/gcc/arm-none-eabi/9.3.1/thumb/v7-m/nofp\libgcc.a(_arm_muldivsf3.o)
                0x0000000008000aec                __mulsf3
                0x0000000008000aec                __aeabi_fmul
                0x0000000008000c54                __aeabi_fdiv
                0x0000000008000c54                __divsf3
 .text          0x0000000008000d8c       0xec c:/st/stm32cubeide_1.6.1/stm32cubeide/plugins/com.st.stm32cube.ide.mcu.externaltools.gnu-tools-for-stm32.9-2020-q2-update.win32_2.0.0.202105311346/tools/bin/../lib/gcc/arm-none-eabi/9.3.1/thumb/v7-m/nofp\libgcc.a(_arm_cmpsf2.o)
                0x0000000008000d8c                __gesf2
                0x0000000008000d8c                __gtsf2
                0x0000000008000d94                __lesf2
                0x0000000008000d94                __ltsf2
                0x0000000008000d9c                __nesf2
                0x0000000008000d9c                __eqsf2
                0x0000000008000d9c                __cmpsf2
                0x0000000008000dfc                __aeabi_cfrcmple
                0x0000000008000e04                __aeabi_cfcmpeq
                0x0000000008000e04                __aeabi_cfcmple
                0x0000000008000e14                __aeabi_fcmpeq
                0x0000000008000e28                __aeabi_fcmplt
                0x0000000008000e3c                __aeabi_fcmple
                0x0000000008000e50                __aeabi_fcmpge
                0x0000000008000e64                __aeabi_fcmpgt
 .text          0x0000000008000e78       0x30 c:/st/stm32cubeide_1.6.1/stm32cubeide/plugins/com.st.stm32cube.ide.mcu.externaltools.gnu-tools-for-stm32.9-2020-q2-update.win32_2.0.0.202105311346/tools/bin/../lib/gcc/arm-none-eabi/9.3.1/thumb/v7-m/nofp\libgcc.a(_aeabi_uldivmod.o)
                0x0000000008000e78                __aeabi_uldivmod
 .text          0x0000000008000ea8      0x2c4 c:/st/stm32cubeide_1.6.1/stm32cubeide/plugins/com.st.stm32cube.ide.mcu.externaltools.gnu-tools-for-stm32.9-2020-q2-update.win32_2.0.0.202105311346/tools/bin/../lib/gcc/arm-none-eabi/9.3.1/thumb/v7-m/nofp\libgcc.a(_udivmoddi4.o)
                0x0000000008000ea8                __udivmoddi4
 .text          0x000000000800116c        0x4 c:/st/stm32cubeide_1.6.1/stm32cubeide/plugins/com.st.stm32cube.ide.mcu.externaltools.gnu-tools-for-stm32.9-2020-q2-update.win32_2.0.0.202105311346/tools/bin/../lib/gcc/arm-none-eabi/9.3.1/thumb/v7-m/nofp\libgcc.a(_dvmd_tls.o)
                0x000000000800116c                __aeabi_idiv0
                0x000000000800116c                __aeabi_ldiv0
 *(.text*)
 .text.init_ad4681
                0x0000000008001170       0x38 ./Core/Src/ad4681.o
                0x0000000008001170                init_ad4681
 .text.get_ad4681_samples
                0x00000000080011a8      0x108 ./Core/Src/ad4681.o
                0x00000000080011a8                get_ad4681_samples
 .text.SPI_TxByte
                0x00000000080012b0       0x2c ./Core/Src/fatfs_sd.o
 .text.SELECT   0x00000000080012dc       0x10 ./Core/Src/fatfs_sd.o
 .text.DESELECT
                0x00000000080012ec       0x10 ./Core/Src/fatfs_sd.o
 .text.SPI_RxByte
                0x00000000080012fc       0x3c ./Core/Src/fatfs_sd.o
 .text.SD_PowerOn
                0x0000000008001338       0x5c ./Core/Src/fatfs_sd.o
 .text.SD_ReadyWait
                0x0000000008001394       0x20 ./Core/Src/fatfs_sd.o
 .text.SD_TxDataBlock
                0x00000000080013b4       0x70 ./Core/Src/fatfs_sd.o
 .text.SD_SendCmd
                0x0000000008001424       0x64 ./Core/Src/fatfs_sd.o
 .text.SD_RxDataBlock
                0x0000000008001488       0x54 ./Core/Src/fatfs_sd.o
 .text.SD_disk_initialize
                0x00000000080014dc      0x158 ./Core/Src/fatfs_sd.o
                0x00000000080014dc                SD_disk_initialize
 .text.SD_disk_status
                0x0000000008001634       0x14 ./Core/Src/fatfs_sd.o
                0x0000000008001634                SD_disk_status
 .text.SD_disk_read
                0x0000000008001648       0x8c ./Core/Src/fatfs_sd.o
                0x0000000008001648                SD_disk_read
 .text.SD_disk_write
                0x00000000080016d4       0xb0 ./Core/Src/fatfs_sd.o
                0x00000000080016d4                SD_disk_write
 .text.SD_disk_ioctl
                0x0000000008001784      0x148 ./Core/Src/fatfs_sd.o
                0x0000000008001784                SD_disk_ioctl
 .text.update_screen
                0x00000000080018cc      0x2c4 ./Core/Src/main.o
                0x00000000080018cc                update_screen
 .text.log_samples
                0x0000000008001b90       0xc8 ./Core/Src/main.o
                0x0000000008001b90                log_samples
 .text.evaluate_button_inputs
                0x0000000008001c58      0x224 ./Core/Src/main.o
                0x0000000008001c58                evaluate_button_inputs
 .text.Error_Handler
                0x0000000008001e7c       0x88 ./Core/Src/main.o
                0x0000000008001e7c                Error_Handler
 .text.SystemClock_Config
                0x0000000008001f04       0x88 ./Core/Src/main.o
                0x0000000008001f04                SystemClock_Config
 .text.startup.main
                0x0000000008001f8c      0x5d4 ./Core/Src/main.o
                0x0000000008001f8c                main
 .text.setTextSize
                0x0000000008002560       0x18 ./Core/Src/oled_128b64.o
                0x0000000008002560                setTextSize
 .text.oled_clear
                0x0000000008002578       0x18 ./Core/Src/oled_128b64.o
                0x0000000008002578                oled_clear
 .text.drawPixel
                0x0000000008002590       0xa0 ./Core/Src/oled_128b64.o
                0x0000000008002590                drawPixel
 .text.display_oled_drawBitmap
                0x0000000008002630       0x84 ./Core/Src/oled_128b64.o
                0x0000000008002630                display_oled_drawBitmap
 .text.ssd1306_commandList
                0x00000000080026b4       0x48 ./Core/Src/oled_128b64.o
                0x00000000080026b4                ssd1306_commandList
 .text.ssd1306_command1
                0x00000000080026fc       0x34 ./Core/Src/oled_128b64.o
                0x00000000080026fc                ssd1306_command1
 .text.display_oled_init
                0x0000000008002730       0xc0 ./Core/Src/oled_128b64.o
                0x0000000008002730                display_oled_init
 .text.setFont  0x00000000080027f0        0xc ./Core/Src/oled_128b64.o
                0x00000000080027f0                setFont
 .text.drawLine
                0x00000000080027fc       0xb4 ./Core/Src/oled_128b64.o
                0x00000000080027fc                drawLine
 .text.drawFastVLine
                0x00000000080028b0       0x16 ./Core/Src/oled_128b64.o
                0x00000000080028b0                drawFastVLine
 .text.fillRect
                0x00000000080028c6       0x2a ./Core/Src/oled_128b64.o
                0x00000000080028c6                fillRect
 .text.drawChar
                0x00000000080028f0      0x120 ./Core/Src/oled_128b64.o
                0x00000000080028f0                drawChar
 .text.writeStringHelper
                0x0000000008002a10       0x98 ./Core/Src/oled_128b64.o
                0x0000000008002a10                writeStringHelper
 .text.writeOledString
                0x0000000008002aa8       0x16 ./Core/Src/oled_128b64.o
                0x0000000008002aa8                writeOledString
 *fill*         0x0000000008002abe        0x2 
 .text.updateDisplay
                0x0000000008002ac0       0x54 ./Core/Src/oled_128b64.o
                0x0000000008002ac0                updateDisplay
 .text.HAL_MspInit
                0x0000000008002b14       0x44 ./Core/Src/stm32f1xx_hal_msp.o
                0x0000000008002b14                HAL_MspInit
 .text.HAL_ADC_MspInit
                0x0000000008002b58       0x5c ./Core/Src/stm32f1xx_hal_msp.o
                0x0000000008002b58                HAL_ADC_MspInit
 .text.HAL_I2C_MspInit
                0x0000000008002bb4       0x64 ./Core/Src/stm32f1xx_hal_msp.o
                0x0000000008002bb4                HAL_I2C_MspInit
 .text.HAL_SPI_MspInit
                0x0000000008002c18       0xd4 ./Core/Src/stm32f1xx_hal_msp.o
                0x0000000008002c18                HAL_SPI_MspInit
 .text.HAL_TIM_Base_MspInit
                0x0000000008002cec       0x60 ./Core/Src/stm32f1xx_hal_msp.o
                0x0000000008002cec                HAL_TIM_Base_MspInit
 .text.HAL_TIM_OC_MspInit
                0x0000000008002d4c       0x28 ./Core/Src/stm32f1xx_hal_msp.o
                0x0000000008002d4c                HAL_TIM_OC_MspInit
 .text.HAL_UART_MspInit
                0x0000000008002d74       0x78 ./Core/Src/stm32f1xx_hal_msp.o
                0x0000000008002d74                HAL_UART_MspInit
 .text.SDTimer_Handler
                0x0000000008002dec       0x28 ./Core/Src/stm32f1xx_it.o
                0x0000000008002dec                SDTimer_Handler
 .text.NMI_Handler
                0x0000000008002e14        0x2 ./Core/Src/stm32f1xx_it.o
                0x0000000008002e14                NMI_Handler
 .text.HardFault_Handler
                0x0000000008002e16        0x2 ./Core/Src/stm32f1xx_it.o
                0x0000000008002e16                HardFault_Handler
 .text.MemManage_Handler
                0x0000000008002e18        0x2 ./Core/Src/stm32f1xx_it.o
                0x0000000008002e18                MemManage_Handler
 .text.BusFault_Handler
                0x0000000008002e1a        0x2 ./Core/Src/stm32f1xx_it.o
                0x0000000008002e1a                BusFault_Handler
 .text.UsageFault_Handler
                0x0000000008002e1c        0x2 ./Core/Src/stm32f1xx_it.o
                0x0000000008002e1c                UsageFault_Handler
 .text.SVC_Handler
                0x0000000008002e1e        0x2 ./Core/Src/stm32f1xx_it.o
                0x0000000008002e1e                SVC_Handler
 .text.DebugMon_Handler
                0x0000000008002e20        0x2 ./Core/Src/stm32f1xx_it.o
                0x0000000008002e20                DebugMon_Handler
 .text.PendSV_Handler
                0x0000000008002e22        0x2 ./Core/Src/stm32f1xx_it.o
                0x0000000008002e22                PendSV_Handler
 .text.SysTick_Handler
                0x0000000008002e24       0x28 ./Core/Src/stm32f1xx_it.o
                0x0000000008002e24                SysTick_Handler
 .text.TIM1_CC_IRQHandler
                0x0000000008002e4c       0x6c ./Core/Src/stm32f1xx_it.o
                0x0000000008002e4c                TIM1_CC_IRQHandler
 .text._sbrk    0x0000000008002eb8       0x40 ./Core/Src/sysmem.o
                0x0000000008002eb8                _sbrk
 .text.SystemInit
                0x0000000008002ef8        0x2 ./Core/Src/system_stm32f1xx.o
                0x0000000008002ef8                SystemInit
 *fill*         0x0000000008002efa        0x2 
 .text.blocking_us_delay
                0x0000000008002efc       0x14 ./Core/Src/timer.o
                0x0000000008002efc                blocking_us_delay
 .text.start_us_counter
                0x0000000008002f10       0x10 ./Core/Src/timer.o
                0x0000000008002f10                start_us_counter
 .text.get_us_counter
                0x0000000008002f20       0x10 ./Core/Src/timer.o
                0x0000000008002f20                get_us_counter
 .text.print_string
                0x0000000008002f30       0x58 ./Core/Src/uart.o
                0x0000000008002f30                print_string
 .text.Reset_Handler
                0x0000000008002f88       0x48 ./Core/Startup/startup_stm32f105vbhx.o
                0x0000000008002f88                Reset_Handler
 .text.Default_Handler
                0x0000000008002fd0        0x2 ./Core/Startup/startup_stm32f105vbhx.o
                0x0000000008002fd0                RTC_Alarm_IRQHandler
                0x0000000008002fd0                EXTI2_IRQHandler
                0x0000000008002fd0                TIM6_IRQHandler
                0x0000000008002fd0                PVD_IRQHandler
                0x0000000008002fd0                CAN2_RX1_IRQHandler
                0x0000000008002fd0                EXTI3_IRQHandler
                0x0000000008002fd0                EXTI0_IRQHandler
                0x0000000008002fd0                I2C2_EV_IRQHandler
                0x0000000008002fd0                CAN1_RX0_IRQHandler
                0x0000000008002fd0                CAN2_SCE_IRQHandler
                0x0000000008002fd0                ADC1_2_IRQHandler
                0x0000000008002fd0                SPI1_IRQHandler
                0x0000000008002fd0                TAMPER_IRQHandler
                0x0000000008002fd0                CAN2_RX0_IRQHandler
                0x0000000008002fd0                DMA2_Channel2_IRQHandler
                0x0000000008002fd0                DMA1_Channel4_IRQHandler
                0x0000000008002fd0                USART3_IRQHandler
                0x0000000008002fd0                RTC_IRQHandler
                0x0000000008002fd0                DMA1_Channel7_IRQHandler
                0x0000000008002fd0                CAN1_RX1_IRQHandler
                0x0000000008002fd0                UART5_IRQHandler
                0x0000000008002fd0                TIM4_IRQHandler
                0x0000000008002fd0                DMA2_Channel1_IRQHandler
                0x0000000008002fd0                I2C1_EV_IRQHandler
                0x0000000008002fd0                DMA1_Channel6_IRQHandler
                0x0000000008002fd0                UART4_IRQHandler
                0x0000000008002fd0                DMA2_Channel4_IRQHandler
                0x0000000008002fd0                TIM3_IRQHandler
                0x0000000008002fd0                RCC_IRQHandler
                0x0000000008002fd0                TIM1_TRG_COM_IRQHandler
                0x0000000008002fd0                DMA1_Channel1_IRQHandler
                0x0000000008002fd0                Default_Handler
                0x0000000008002fd0                EXTI15_10_IRQHandler
                0x0000000008002fd0                TIM7_IRQHandler
                0x0000000008002fd0                CAN2_TX_IRQHandler
                0x0000000008002fd0                TIM5_IRQHandler
                0x0000000008002fd0                EXTI9_5_IRQHandler
                0x0000000008002fd0                SPI2_IRQHandler
                0x0000000008002fd0                CAN1_TX_IRQHandler
                0x0000000008002fd0                DMA2_Channel5_IRQHandler
                0x0000000008002fd0                DMA1_Channel5_IRQHandler
                0x0000000008002fd0                EXTI4_IRQHandler
                0x0000000008002fd0                DMA1_Channel3_IRQHandler
                0x0000000008002fd0                TIM1_UP_IRQHandler
                0x0000000008002fd0                WWDG_IRQHandler
                0x0000000008002fd0                TIM2_IRQHandler
                0x0000000008002fd0                OTG_FS_WKUP_IRQHandler
                0x0000000008002fd0                TIM1_BRK_IRQHandler
                0x0000000008002fd0                EXTI1_IRQHandler
                0x0000000008002fd0                USART2_IRQHandler
                0x0000000008002fd0                I2C2_ER_IRQHandler
                0x0000000008002fd0                DMA1_Channel2_IRQHandler
                0x0000000008002fd0                CAN1_SCE_IRQHandler
                0x0000000008002fd0                FLASH_IRQHandler
                0x0000000008002fd0                USART1_IRQHandler
                0x0000000008002fd0                OTG_FS_IRQHandler
                0x0000000008002fd0                SPI3_IRQHandler
                0x0000000008002fd0                I2C1_ER_IRQHandler
                0x0000000008002fd0                DMA2_Channel3_IRQHandler
 *fill*         0x0000000008002fd2        0x2 
 .text.HAL_InitTick
                0x0000000008002fd4       0x48 ./Drivers/STM32F1xx_HAL_Driver/Src/stm32f1xx_hal.o
                0x0000000008002fd4                HAL_InitTick
 .text.HAL_Init
                0x000000000800301c       0x24 ./Drivers/STM32F1xx_HAL_Driver/Src/stm32f1xx_hal.o
                0x000000000800301c                HAL_Init
 .text.HAL_IncTick
                0x0000000008003040       0x18 ./Drivers/STM32F1xx_HAL_Driver/Src/stm32f1xx_hal.o
                0x0000000008003040                HAL_IncTick
 .text.HAL_GetTick
                0x0000000008003058        0xc ./Drivers/STM32F1xx_HAL_Driver/Src/stm32f1xx_hal.o
                0x0000000008003058                HAL_GetTick
 .text.HAL_ADC_ConfigChannel
                0x0000000008003064       0xfc ./Drivers/STM32F1xx_HAL_Driver/Src/stm32f1xx_hal_adc.o
                0x0000000008003064                HAL_ADC_ConfigChannel
 .text.ADC_ConversionStop_Disable
                0x0000000008003160       0x4c ./Drivers/STM32F1xx_HAL_Driver/Src/stm32f1xx_hal_adc.o
                0x0000000008003160                ADC_ConversionStop_Disable
 .text.HAL_ADC_Init
                0x00000000080031ac       0xfc ./Drivers/STM32F1xx_HAL_Driver/Src/stm32f1xx_hal_adc.o
                0x00000000080031ac                HAL_ADC_Init
 .text.HAL_NVIC_SetPriorityGrouping
                0x00000000080032a8       0x24 ./Drivers/STM32F1xx_HAL_Driver/Src/stm32f1xx_hal_cortex.o
                0x00000000080032a8                HAL_NVIC_SetPriorityGrouping
 .text.HAL_NVIC_SetPriority
                0x00000000080032cc       0x64 ./Drivers/STM32F1xx_HAL_Driver/Src/stm32f1xx_hal_cortex.o
                0x00000000080032cc                HAL_NVIC_SetPriority
 .text.HAL_NVIC_EnableIRQ
                0x0000000008003330       0x1c ./Drivers/STM32F1xx_HAL_Driver/Src/stm32f1xx_hal_cortex.o
                0x0000000008003330                HAL_NVIC_EnableIRQ
 .text.HAL_SYSTICK_Config
                0x000000000800334c       0x2c ./Drivers/STM32F1xx_HAL_Driver/Src/stm32f1xx_hal_cortex.o
                0x000000000800334c                HAL_SYSTICK_Config
 .text.HAL_GPIO_Init
                0x0000000008003378      0x1b8 ./Drivers/STM32F1xx_HAL_Driver/Src/stm32f1xx_hal_gpio.o
                0x0000000008003378                HAL_GPIO_Init
 .text.HAL_GPIO_ReadPin
                0x0000000008003530        0xc ./Drivers/STM32F1xx_HAL_Driver/Src/stm32f1xx_hal_gpio.o
                0x0000000008003530                HAL_GPIO_ReadPin
 .text.HAL_GPIO_WritePin
                0x000000000800353c        0xa ./Drivers/STM32F1xx_HAL_Driver/Src/stm32f1xx_hal_gpio.o
                0x000000000800353c                HAL_GPIO_WritePin
 .text.HAL_GPIO_TogglePin
                0x0000000008003546       0x12 ./Drivers/STM32F1xx_HAL_Driver/Src/stm32f1xx_hal_gpio.o
                0x0000000008003546                HAL_GPIO_TogglePin
 .text.I2C_IsAcknowledgeFailed
                0x0000000008003558       0x32 ./Drivers/STM32F1xx_HAL_Driver/Src/stm32f1xx_hal_i2c.o
 .text.I2C_WaitOnMasterAddressFlagUntilTimeout
                0x000000000800358a       0x76 ./Drivers/STM32F1xx_HAL_Driver/Src/stm32f1xx_hal_i2c.o
 .text.I2C_WaitOnBTFFlagUntilTimeout
                0x0000000008003600       0x4c ./Drivers/STM32F1xx_HAL_Driver/Src/stm32f1xx_hal_i2c.o
 .text.I2C_WaitOnFlagUntilTimeout
                0x000000000800364c       0x64 ./Drivers/STM32F1xx_HAL_Driver/Src/stm32f1xx_hal_i2c.o
 .text.I2C_WaitOnTXEFlagUntilTimeout
                0x00000000080036b0       0x4c ./Drivers/STM32F1xx_HAL_Driver/Src/stm32f1xx_hal_i2c.o
 .text.HAL_I2C_Init
                0x00000000080036fc      0x150 ./Drivers/STM32F1xx_HAL_Driver/Src/stm32f1xx_hal_i2c.o
                0x00000000080036fc                HAL_I2C_Init
 .text.HAL_I2C_Master_Transmit
                0x000000000800384c      0x1b0 ./Drivers/STM32F1xx_HAL_Driver/Src/stm32f1xx_hal_i2c.o
                0x000000000800384c                HAL_I2C_Master_Transmit
 .text.HAL_RCC_OscConfig
                0x00000000080039fc      0x400 ./Drivers/STM32F1xx_HAL_Driver/Src/stm32f1xx_hal_rcc.o
                0x00000000080039fc                HAL_RCC_OscConfig
 .text.HAL_RCC_GetSysClockFreq
                0x0000000008003dfc       0xd0 ./Drivers/STM32F1xx_HAL_Driver/Src/stm32f1xx_hal_rcc.o
                0x0000000008003dfc                HAL_RCC_GetSysClockFreq
 .text.HAL_RCC_ClockConfig
                0x0000000008003ecc      0x138 ./Drivers/STM32F1xx_HAL_Driver/Src/stm32f1xx_hal_rcc.o
                0x0000000008003ecc                HAL_RCC_ClockConfig
 .text.HAL_RCC_GetPCLK1Freq
                0x0000000008004004       0x20 ./Drivers/STM32F1xx_HAL_Driver/Src/stm32f1xx_hal_rcc.o
                0x0000000008004004                HAL_RCC_GetPCLK1Freq
 .text.HAL_RCC_GetPCLK2Freq
                0x0000000008004024       0x20 ./Drivers/STM32F1xx_HAL_Driver/Src/stm32f1xx_hal_rcc.o
                0x0000000008004024                HAL_RCC_GetPCLK2Freq
 .text.HAL_RCCEx_PeriphCLKConfig
                0x0000000008004044      0x17c ./Drivers/STM32F1xx_HAL_Driver/Src/stm32f1xx_hal_rcc_ex.o
                0x0000000008004044                HAL_RCCEx_PeriphCLKConfig
 .text.SPI_WaitFlagStateUntilTimeout.constprop.0
                0x00000000080041c0       0xac ./Drivers/STM32F1xx_HAL_Driver/Src/stm32f1xx_hal_spi.o
 .text.SPI_EndRxTransaction
                0x000000000800426c       0x4e ./Drivers/STM32F1xx_HAL_Driver/Src/stm32f1xx_hal_spi.o
 .text.SPI_EndRxTxTransaction
                0x00000000080042ba       0x1c ./Drivers/STM32F1xx_HAL_Driver/Src/stm32f1xx_hal_spi.o
 .text.HAL_SPI_Init
                0x00000000080042d6       0xb0 ./Drivers/STM32F1xx_HAL_Driver/Src/stm32f1xx_hal_spi.o
                0x00000000080042d6                HAL_SPI_Init
 .text.HAL_SPI_Transmit
                0x0000000008004386      0x15a ./Drivers/STM32F1xx_HAL_Driver/Src/stm32f1xx_hal_spi.o
                0x0000000008004386                HAL_SPI_Transmit
 .text.HAL_SPI_TransmitReceive
                0x00000000080044e0      0x1de ./Drivers/STM32F1xx_HAL_Driver/Src/stm32f1xx_hal_spi.o
                0x00000000080044e0                HAL_SPI_TransmitReceive
 .text.HAL_SPI_Receive
                0x00000000080046be      0x136 ./Drivers/STM32F1xx_HAL_Driver/Src/stm32f1xx_hal_spi.o
                0x00000000080046be                HAL_SPI_Receive
 .text.HAL_SPI_GetState
                0x00000000080047f4        0x6 ./Drivers/STM32F1xx_HAL_Driver/Src/stm32f1xx_hal_spi.o
                0x00000000080047f4                HAL_SPI_GetState
 *fill*         0x00000000080047fa        0x2 
 .text.TIM_OC1_SetConfig
                0x00000000080047fc       0x50 ./Drivers/STM32F1xx_HAL_Driver/Src/stm32f1xx_hal_tim.o
 .text.TIM_OC3_SetConfig
                0x000000000800484c       0x54 ./Drivers/STM32F1xx_HAL_Driver/Src/stm32f1xx_hal_tim.o
 .text.TIM_OC4_SetConfig
                0x00000000080048a0       0x44 ./Drivers/STM32F1xx_HAL_Driver/Src/stm32f1xx_hal_tim.o
 .text.HAL_TIM_Base_Start
                0x00000000080048e4       0x54 ./Drivers/STM32F1xx_HAL_Driver/Src/stm32f1xx_hal_tim.o
                0x00000000080048e4                HAL_TIM_Base_Start
 .text.HAL_TIM_PeriodElapsedCallback
                0x0000000008004938        0x2 ./Drivers/STM32F1xx_HAL_Driver/Src/stm32f1xx_hal_tim.o
                0x0000000008004938                HAL_TIM_PeriodElapsedCallback
 .text.HAL_TIM_OC_DelayElapsedCallback
                0x000000000800493a        0x2 ./Drivers/STM32F1xx_HAL_Driver/Src/stm32f1xx_hal_tim.o
                0x000000000800493a                HAL_TIM_OC_DelayElapsedCallback
 .text.HAL_TIM_IC_CaptureCallback
                0x000000000800493c        0x2 ./Drivers/STM32F1xx_HAL_Driver/Src/stm32f1xx_hal_tim.o
                0x000000000800493c                HAL_TIM_IC_CaptureCallback
 .text.HAL_TIM_PWM_PulseFinishedCallback
                0x000000000800493e        0x2 ./Drivers/STM32F1xx_HAL_Driver/Src/stm32f1xx_hal_tim.o
                0x000000000800493e                HAL_TIM_PWM_PulseFinishedCallback
 .text.HAL_TIM_TriggerCallback
                0x0000000008004940        0x2 ./Drivers/STM32F1xx_HAL_Driver/Src/stm32f1xx_hal_tim.o
                0x0000000008004940                HAL_TIM_TriggerCallback
 .text.HAL_TIM_IRQHandler
                0x0000000008004942      0x144 ./Drivers/STM32F1xx_HAL_Driver/Src/stm32f1xx_hal_tim.o
                0x0000000008004942                HAL_TIM_IRQHandler
 *fill*         0x0000000008004a86        0x2 
 .text.TIM_Base_SetConfig
                0x0000000008004a88       0x80 ./Drivers/STM32F1xx_HAL_Driver/Src/stm32f1xx_hal_tim.o
                0x0000000008004a88                TIM_Base_SetConfig
 .text.HAL_TIM_Base_Init
                0x0000000008004b08       0x58 ./Drivers/STM32F1xx_HAL_Driver/Src/stm32f1xx_hal_tim.o
                0x0000000008004b08                HAL_TIM_Base_Init
 .text.HAL_TIM_OC_Init
                0x0000000008004b60       0x58 ./Drivers/STM32F1xx_HAL_Driver/Src/stm32f1xx_hal_tim.o
                0x0000000008004b60                HAL_TIM_OC_Init
 .text.TIM_OC2_SetConfig
                0x0000000008004bb8       0x58 ./Drivers/STM32F1xx_HAL_Driver/Src/stm32f1xx_hal_tim.o
                0x0000000008004bb8                TIM_OC2_SetConfig
 .text.HAL_TIM_OC_ConfigChannel
                0x0000000008004c10       0x4e ./Drivers/STM32F1xx_HAL_Driver/Src/stm32f1xx_hal_tim.o
                0x0000000008004c10                HAL_TIM_OC_ConfigChannel
 .text.TIM_ETR_SetConfig
                0x0000000008004c5e       0x14 ./Drivers/STM32F1xx_HAL_Driver/Src/stm32f1xx_hal_tim.o
                0x0000000008004c5e                TIM_ETR_SetConfig
 .text.HAL_TIM_ConfigClockSource
                0x0000000008004c72      0x128 ./Drivers/STM32F1xx_HAL_Driver/Src/stm32f1xx_hal_tim.o
                0x0000000008004c72                HAL_TIM_ConfigClockSource
 *fill*         0x0000000008004d9a        0x2 
 .text.HAL_TIMEx_MasterConfigSynchronization
                0x0000000008004d9c       0x64 ./Drivers/STM32F1xx_HAL_Driver/Src/stm32f1xx_hal_tim_ex.o
                0x0000000008004d9c                HAL_TIMEx_MasterConfigSynchronization
 .text.HAL_TIMEx_ConfigBreakDeadTime
                0x0000000008004e00       0x4c ./Drivers/STM32F1xx_HAL_Driver/Src/stm32f1xx_hal_tim_ex.o
                0x0000000008004e00                HAL_TIMEx_ConfigBreakDeadTime
 .text.HAL_TIMEx_CommutCallback
                0x0000000008004e4c        0x2 ./Drivers/STM32F1xx_HAL_Driver/Src/stm32f1xx_hal_tim_ex.o
                0x0000000008004e4c                HAL_TIMEx_CommutCallback
 .text.HAL_TIMEx_BreakCallback
                0x0000000008004e4e        0x2 ./Drivers/STM32F1xx_HAL_Driver/Src/stm32f1xx_hal_tim_ex.o
                0x0000000008004e4e                HAL_TIMEx_BreakCallback
 .text.UART_SetConfig
                0x0000000008004e50       0x74 ./Drivers/STM32F1xx_HAL_Driver/Src/stm32f1xx_hal_uart.o
 .text.UART_WaitOnFlagUntilTimeout.constprop.0
                0x0000000008004ec4       0x50 ./Drivers/STM32F1xx_HAL_Driver/Src/stm32f1xx_hal_uart.o
 .text.HAL_UART_Init
                0x0000000008004f14       0x5c ./Drivers/STM32F1xx_HAL_Driver/Src/stm32f1xx_hal_uart.o
                0x0000000008004f14                HAL_UART_Init
 .text.HAL_UART_Transmit
                0x0000000008004f70       0xaa ./Drivers/STM32F1xx_HAL_Driver/Src/stm32f1xx_hal_uart.o
                0x0000000008004f70                HAL_UART_Transmit
 *fill*         0x000000000800501a        0x2 
 .text.MX_FATFS_Init
                0x000000000800501c       0x1c ./FATFS/App/fatfs.o
                0x000000000800501c                MX_FATFS_Init
 .text.get_fattime
                0x0000000008005038        0x4 ./FATFS/App/fatfs.o
                0x0000000008005038                get_fattime
 .text.USER_initialize
                0x000000000800503c        0xa ./FATFS/Target/user_diskio.o
                0x000000000800503c                USER_initialize
 .text.USER_status
                0x0000000008005046        0xa ./FATFS/Target/user_diskio.o
                0x0000000008005046                USER_status
 .text.USER_read
                0x0000000008005050        0xa ./FATFS/Target/user_diskio.o
                0x0000000008005050                USER_read
 .text.USER_write
                0x000000000800505a        0xa ./FATFS/Target/user_diskio.o
                0x000000000800505a                USER_write
 .text.USER_ioctl
                0x0000000008005064        0xa ./FATFS/Target/user_diskio.o
                0x0000000008005064                USER_ioctl
 *fill*         0x000000000800506e        0x2 
 .text.disk_status
                0x0000000008005070       0x14 ./Middlewares/Third_Party/FatFs/src/diskio.o
                0x0000000008005070                disk_status
 .text.disk_initialize
                0x0000000008005084       0x20 ./Middlewares/Third_Party/FatFs/src/diskio.o
                0x0000000008005084                disk_initialize
 .text.disk_read
                0x00000000080050a4       0x1c ./Middlewares/Third_Party/FatFs/src/diskio.o
                0x00000000080050a4                disk_read
 .text.disk_write
                0x00000000080050c0       0x1c ./Middlewares/Third_Party/FatFs/src/diskio.o
                0x00000000080050c0                disk_write
 .text.disk_ioctl
                0x00000000080050dc       0x18 ./Middlewares/Third_Party/FatFs/src/diskio.o
                0x00000000080050dc                disk_ioctl
 .text.mem_cpy  0x00000000080050f4       0x14 ./Middlewares/Third_Party/FatFs/src/ff.o
 .text.mem_set  0x0000000008005108        0xe ./Middlewares/Third_Party/FatFs/src/ff.o
 *fill*         0x0000000008005116        0x2 
 .text.chk_lock
                0x0000000008005118       0x90 ./Middlewares/Third_Party/FatFs/src/ff.o
 .text.inc_lock
                0x00000000080051a8       0xa4 ./Middlewares/Third_Party/FatFs/src/ff.o
 .text.dec_lock
                0x000000000800524c       0x40 ./Middlewares/Third_Party/FatFs/src/ff.o
 .text.clmt_clust
                0x000000000800528c       0x36 ./Middlewares/Third_Party/FatFs/src/ff.o
 .text.sum_sfn  0x00000000080052c2       0x1e ./Middlewares/Third_Party/FatFs/src/ff.o
 .text.get_ldnumber
                0x00000000080052e0       0x30 ./Middlewares/Third_Party/FatFs/src/ff.o
 .text.validate
                0x0000000008005310       0x38 ./Middlewares/Third_Party/FatFs/src/ff.o
 .text.ld_clust.isra.0
                0x0000000008005348       0x1c ./Middlewares/Third_Party/FatFs/src/ff.o
 .text.sync_window.part.0
                0x0000000008005364       0x6c ./Middlewares/Third_Party/FatFs/src/ff.o
 .text.sync_window
                0x00000000080053d0       0x10 ./Middlewares/Third_Party/FatFs/src/ff.o
 .text.move_window
                0x00000000080053e0       0x3e ./Middlewares/Third_Party/FatFs/src/ff.o
 *fill*         0x000000000800541e        0x2 
 .text.check_fs
                0x0000000008005420       0x5c ./Middlewares/Third_Party/FatFs/src/ff.o
 .text.find_volume
                0x000000000800547c      0x308 ./Middlewares/Third_Party/FatFs/src/ff.o
 .text.sync_fs  0x0000000008005784       0x94 ./Middlewares/Third_Party/FatFs/src/ff.o
 .text.clust2sect
                0x0000000008005818       0x24 ./Middlewares/Third_Party/FatFs/src/ff.o
                0x0000000008005818                clust2sect
 .text.get_fat  0x000000000800583c      0x10e ./Middlewares/Third_Party/FatFs/src/ff.o
                0x000000000800583c                get_fat
 .text.dir_sdi  0x000000000800594a       0xd2 ./Middlewares/Third_Party/FatFs/src/ff.o
 .text.put_fat  0x0000000008005a1c      0x142 ./Middlewares/Third_Party/FatFs/src/ff.o
                0x0000000008005a1c                put_fat
 .text.create_chain
                0x0000000008005b5e       0xc6 ./Middlewares/Third_Party/FatFs/src/ff.o
 .text.dir_next
                0x0000000008005c24      0x150 ./Middlewares/Third_Party/FatFs/src/ff.o
 .text.dir_find.part.0
                0x0000000008005d74      0x158 ./Middlewares/Third_Party/FatFs/src/ff.o
 .text.follow_path
                0x0000000008005ecc      0x268 ./Middlewares/Third_Party/FatFs/src/ff.o
 .text.dir_register
                0x0000000008006134      0x2c8 ./Middlewares/Third_Party/FatFs/src/ff.o
 .text.remove_chain
                0x00000000080063fc       0x6c ./Middlewares/Third_Party/FatFs/src/ff.o
 .text.f_mount  0x0000000008006468       0x70 ./Middlewares/Third_Party/FatFs/src/ff.o
                0x0000000008006468                f_mount
 .text.f_open   0x00000000080064d8      0x22c ./Middlewares/Third_Party/FatFs/src/ff.o
                0x00000000080064d8                f_open
 .text.f_write  0x0000000008006704      0x250 ./Middlewares/Third_Party/FatFs/src/ff.o
                0x0000000008006704                f_write
 .text.putc_bfd
                0x0000000008006954       0x44 ./Middlewares/Third_Party/FatFs/src/ff.o
 .text.f_sync   0x0000000008006998       0xce ./Middlewares/Third_Party/FatFs/src/ff.o
                0x0000000008006998                f_sync
 .text.f_close  0x0000000008006a66       0x26 ./Middlewares/Third_Party/FatFs/src/ff.o
                0x0000000008006a66                f_close
 .text.f_getfree
                0x0000000008006a8c       0xee ./Middlewares/Third_Party/FatFs/src/ff.o
                0x0000000008006a8c                f_getfree
 .text.f_puts   0x0000000008006b7a       0x44 ./Middlewares/Third_Party/FatFs/src/ff.o
                0x0000000008006b7a                f_puts
 *fill*         0x0000000008006bbe        0x2 
 .text.FATFS_LinkDriverEx
                0x0000000008006bc0       0x44 ./Middlewares/Third_Party/FatFs/src/ff_gen_drv.o
                0x0000000008006bc0                FATFS_LinkDriverEx
 .text.FATFS_LinkDriver
                0x0000000008006c04        0x6 ./Middlewares/Third_Party/FatFs/src/ff_gen_drv.o
                0x0000000008006c04                FATFS_LinkDriver
 *fill*         0x0000000008006c0a        0x2 
 .text.ff_convert
                0x0000000008006c0c       0x3c ./Middlewares/Third_Party/FatFs/src/option/ccsbcs.o
                0x0000000008006c0c                ff_convert
 .text.ff_wtoupper
                0x0000000008006c48       0x24 ./Middlewares/Third_Party/FatFs/src/option/ccsbcs.o
                0x0000000008006c48                ff_wtoupper
 .text.__errno  0x0000000008006c6c        0xc c:/st/stm32cubeide_1.6.1/stm32cubeide/plugins/com.st.stm32cube.ide.mcu.externaltools.gnu-tools-for-stm32.9-2020-q2-update.win32_2.0.0.202105311346/tools/bin/../lib/gcc/arm-none-eabi/9.3.1/../../../../arm-none-eabi/lib/thumb/v7-m/nofp\libc_nano.a(lib_a-errno.o)
                0x0000000008006c6c                __errno
 .text.__libc_init_array
                0x0000000008006c78       0x48 c:/st/stm32cubeide_1.6.1/stm32cubeide/plugins/com.st.stm32cube.ide.mcu.externaltools.gnu-tools-for-stm32.9-2020-q2-update.win32_2.0.0.202105311346/tools/bin/../lib/gcc/arm-none-eabi/9.3.1/../../../../arm-none-eabi/lib/thumb/v7-m/nofp\libc_nano.a(lib_a-init.o)
                0x0000000008006c78                __libc_init_array
 .text.memset   0x0000000008006cc0       0x10 c:/st/stm32cubeide_1.6.1/stm32cubeide/plugins/com.st.stm32cube.ide.mcu.externaltools.gnu-tools-for-stm32.9-2020-q2-update.win32_2.0.0.202105311346/tools/bin/../lib/gcc/arm-none-eabi/9.3.1/../../../../arm-none-eabi/lib/thumb/v7-m/nofp\libc_nano.a(lib_a-memset.o)
                0x0000000008006cc0                memset
 .text.sprintf  0x0000000008006cd0       0x40 c:/st/stm32cubeide_1.6.1/stm32cubeide/plugins/com.st.stm32cube.ide.mcu.externaltools.gnu-tools-for-stm32.9-2020-q2-update.win32_2.0.0.202105311346/tools/bin/../lib/gcc/arm-none-eabi/9.3.1/../../../../arm-none-eabi/lib/thumb/v7-m/nofp\libc_nano.a(lib_a-sprintf.o)
                0x0000000008006cd0                siprintf
                0x0000000008006cd0                sprintf
 .text.strcat   0x0000000008006d10       0x1e c:/st/stm32cubeide_1.6.1/stm32cubeide/plugins/com.st.stm32cube.ide.mcu.externaltools.gnu-tools-for-stm32.9-2020-q2-update.win32_2.0.0.202105311346/tools/bin/../lib/gcc/arm-none-eabi/9.3.1/../../../../arm-none-eabi/lib/thumb/v7-m/nofp\libc_nano.a(lib_a-strcat.o)
                0x0000000008006d10                strcat
 .text.__ssputs_r
                0x0000000008006d2e       0xb6 c:/st/stm32cubeide_1.6.1/stm32cubeide/plugins/com.st.stm32cube.ide.mcu.externaltools.gnu-tools-for-stm32.9-2020-q2-update.win32_2.0.0.202105311346/tools/bin/../lib/gcc/arm-none-eabi/9.3.1/../../../../arm-none-eabi/lib/thumb/v7-m/nofp\libc_nano.a(lib_a-nano-svfprintf.o)
                0x0000000008006d2e                __ssputs_r
 .text._svfprintf_r
                0x0000000008006de4      0x200 c:/st/stm32cubeide_1.6.1/stm32cubeide/plugins/com.st.stm32cube.ide.mcu.externaltools.gnu-tools-for-stm32.9-2020-q2-update.win32_2.0.0.202105311346/tools/bin/../lib/gcc/arm-none-eabi/9.3.1/../../../../arm-none-eabi/lib/thumb/v7-m/nofp\libc_nano.a(lib_a-nano-svfprintf.o)
                0x0000000008006de4                _svfiprintf_r
                0x0000000008006de4                _svfprintf_r
 .text._printf_common
                0x0000000008006fe4       0xde c:/st/stm32cubeide_1.6.1/stm32cubeide/plugins/com.st.stm32cube.ide.mcu.externaltools.gnu-tools-for-stm32.9-2020-q2-update.win32_2.0.0.202105311346/tools/bin/../lib/gcc/arm-none-eabi/9.3.1/../../../../arm-none-eabi/lib/thumb/v7-m/nofp\libc_nano.a(lib_a-nano-vfprintf_i.o)
                0x0000000008006fe4                _printf_common
 *fill*         0x00000000080070c2        0x2 
 .text._printf_i
                0x00000000080070c4      0x24c c:/st/stm32cubeide_1.6.1/stm32cubeide/plugins/com.st.stm32cube.ide.mcu.externaltools.gnu-tools-for-stm32.9-2020-q2-update.win32_2.0.0.202105311346/tools/bin/../lib/gcc/arm-none-eabi/9.3.1/../../../../arm-none-eabi/lib/thumb/v7-m/nofp\libc_nano.a(lib_a-nano-vfprintf_i.o)
                0x00000000080070c4                _printf_i
 .text.memchr   0x0000000008007310       0x1c c:/st/stm32cubeide_1.6.1/stm32cubeide/plugins/com.st.stm32cube.ide.mcu.externaltools.gnu-tools-for-stm32.9-2020-q2-update.win32_2.0.0.202105311346/tools/bin/../lib/gcc/arm-none-eabi/9.3.1/../../../../arm-none-eabi/lib/thumb/v7-m/nofp\libc_nano.a(lib_a-memchr-stub.o)
                0x0000000008007310                memchr
 .text.memcpy   0x000000000800732c       0x1c c:/st/stm32cubeide_1.6.1/stm32cubeide/plugins/com.st.stm32cube.ide.mcu.externaltools.gnu-tools-for-stm32.9-2020-q2-update.win32_2.0.0.202105311346/tools/bin/../lib/gcc/arm-none-eabi/9.3.1/../../../../arm-none-eabi/lib/thumb/v7-m/nofp\libc_nano.a(lib_a-memcpy-stub.o)
                0x000000000800732c                memcpy
 .text.memmove  0x0000000008007348       0x34 c:/st/stm32cubeide_1.6.1/stm32cubeide/plugins/com.st.stm32cube.ide.mcu.externaltools.gnu-tools-for-stm32.9-2020-q2-update.win32_2.0.0.202105311346/tools/bin/../lib/gcc/arm-none-eabi/9.3.1/../../../../arm-none-eabi/lib/thumb/v7-m/nofp\libc_nano.a(lib_a-memmove.o)
                0x0000000008007348                memmove
 .text._free_r  0x000000000800737c       0x98 c:/st/stm32cubeide_1.6.1/stm32cubeide/plugins/com.st.stm32cube.ide.mcu.externaltools.gnu-tools-for-stm32.9-2020-q2-update.win32_2.0.0.202105311346/tools/bin/../lib/gcc/arm-none-eabi/9.3.1/../../../../arm-none-eabi/lib/thumb/v7-m/nofp\libc_nano.a(lib_a-nano-freer.o)
                0x000000000800737c                _free_r
 .text._malloc_r
                0x0000000008007414       0xb4 c:/st/stm32cubeide_1.6.1/stm32cubeide/plugins/com.st.stm32cube.ide.mcu.externaltools.gnu-tools-for-stm32.9-2020-q2-update.win32_2.0.0.202105311346/tools/bin/../lib/gcc/arm-none-eabi/9.3.1/../../../../arm-none-eabi/lib/thumb/v7-m/nofp\libc_nano.a(lib_a-nano-mallocr.o)
                0x0000000008007414                _malloc_r
 .text._realloc_r
                0x00000000080074c8       0x4c c:/st/stm32cubeide_1.6.1/stm32cubeide/plugins/com.st.stm32cube.ide.mcu.externaltools.gnu-tools-for-stm32.9-2020-q2-update.win32_2.0.0.202105311346/tools/bin/../lib/gcc/arm-none-eabi/9.3.1/../../../../arm-none-eabi/lib/thumb/v7-m/nofp\libc_nano.a(lib_a-nano-reallocr.o)
                0x00000000080074c8                _realloc_r
 .text._sbrk_r  0x0000000008007514       0x20 c:/st/stm32cubeide_1.6.1/stm32cubeide/plugins/com.st.stm32cube.ide.mcu.externaltools.gnu-tools-for-stm32.9-2020-q2-update.win32_2.0.0.202105311346/tools/bin/../lib/gcc/arm-none-eabi/9.3.1/../../../../arm-none-eabi/lib/thumb/v7-m/nofp\libc_nano.a(lib_a-sbrkr.o)
                0x0000000008007514                _sbrk_r
 .text.__malloc_lock
                0x0000000008007534        0xc c:/st/stm32cubeide_1.6.1/stm32cubeide/plugins/com.st.stm32cube.ide.mcu.externaltools.gnu-tools-for-stm32.9-2020-q2-update.win32_2.0.0.202105311346/tools/bin/../lib/gcc/arm-none-eabi/9.3.1/../../../../arm-none-eabi/lib/thumb/v7-m/nofp\libc_nano.a(lib_a-mlock.o)
                0x0000000008007534                __malloc_lock
 .text.__malloc_unlock
                0x0000000008007540        0xc c:/st/stm32cubeide_1.6.1/stm32cubeide/plugins/com.st.stm32cube.ide.mcu.externaltools.gnu-tools-for-stm32.9-2020-q2-update.win32_2.0.0.202105311346/tools/bin/../lib/gcc/arm-none-eabi/9.3.1/../../../../arm-none-eabi/lib/thumb/v7-m/nofp\libc_nano.a(lib_a-mlock.o)
                0x0000000008007540                __malloc_unlock
 .text._malloc_usable_size_r
                0x000000000800754c       0x10 c:/st/stm32cubeide_1.6.1/stm32cubeide/plugins/com.st.stm32cube.ide.mcu.externaltools.gnu-tools-for-stm32.9-2020-q2-update.win32_2.0.0.202105311346/tools/bin/../lib/gcc/arm-none-eabi/9.3.1/../../../../arm-none-eabi/lib/thumb/v7-m/nofp\libc_nano.a(lib_a-nano-msizer.o)
                0x000000000800754c                _malloc_usable_size_r
 .text.__retarget_lock_acquire_recursive
                0x000000000800755c        0x2 c:/st/stm32cubeide_1.6.1/stm32cubeide/plugins/com.st.stm32cube.ide.mcu.externaltools.gnu-tools-for-stm32.9-2020-q2-update.win32_2.0.0.202105311346/tools/bin/../lib/gcc/arm-none-eabi/9.3.1/../../../../arm-none-eabi/lib/thumb/v7-m/nofp\libc_nano.a(lib_a-lock.o)
                0x000000000800755c                __retarget_lock_acquire_recursive
 .text.__retarget_lock_release_recursive
                0x000000000800755e        0x2 c:/st/stm32cubeide_1.6.1/stm32cubeide/plugins/com.st.stm32cube.ide.mcu.externaltools.gnu-tools-for-stm32.9-2020-q2-update.win32_2.0.0.202105311346/tools/bin/../lib/gcc/arm-none-eabi/9.3.1/../../../../arm-none-eabi/lib/thumb/v7-m/nofp\libc_nano.a(lib_a-lock.o)
                0x000000000800755e                __retarget_lock_release_recursive
 *(.glue_7)
 .glue_7        0x0000000008007560        0x0 linker stubs
 *(.glue_7t)
 .glue_7t       0x0000000008007560        0x0 linker stubs
 *(.eh_frame)
 .eh_frame      0x0000000008007560        0x0 c:/st/stm32cubeide_1.6.1/stm32cubeide/plugins/com.st.stm32cube.ide.mcu.externaltools.gnu-tools-for-stm32.9-2020-q2-update.win32_2.0.0.202105311346/tools/bin/../lib/gcc/arm-none-eabi/9.3.1/thumb/v7-m/nofp/crtbegin.o
 *(.init)
 .init          0x0000000008007560        0x4 c:/st/stm32cubeide_1.6.1/stm32cubeide/plugins/com.st.stm32cube.ide.mcu.externaltools.gnu-tools-for-stm32.9-2020-q2-update.win32_2.0.0.202105311346/tools/bin/../lib/gcc/arm-none-eabi/9.3.1/thumb/v7-m/nofp/crti.o
                0x0000000008007560                _init
 .init          0x0000000008007564        0x8 c:/st/stm32cubeide_1.6.1/stm32cubeide/plugins/com.st.stm32cube.ide.mcu.externaltools.gnu-tools-for-stm32.9-2020-q2-update.win32_2.0.0.202105311346/tools/bin/../lib/gcc/arm-none-eabi/9.3.1/thumb/v7-m/nofp/crtn.o
 *(.fini)
 .fini          0x000000000800756c        0x4 c:/st/stm32cubeide_1.6.1/stm32cubeide/plugins/com.st.stm32cube.ide.mcu.externaltools.gnu-tools-for-stm32.9-2020-q2-update.win32_2.0.0.202105311346/tools/bin/../lib/gcc/arm-none-eabi/9.3.1/thumb/v7-m/nofp/crti.o
                0x000000000800756c                _fini
 .fini          0x0000000008007570        0x8 c:/st/stm32cubeide_1.6.1/stm32cubeide/plugins/com.st.stm32cube.ide.mcu.externaltools.gnu-tools-for-stm32.9-2020-q2-update.win32_2.0.0.202105311346/tools/bin/../lib/gcc/arm-none-eabi/9.3.1/thumb/v7-m/nofp/crtn.o
                0x0000000008007578                . = ALIGN (0x4)
                0x0000000008007578                _etext = .

.vfp11_veneer   0x0000000008007578        0x0
 .vfp11_veneer  0x0000000008007578        0x0 linker stubs

.v4_bx          0x0000000008007578        0x0
 .v4_bx         0x0000000008007578        0x0 linker stubs

.iplt           0x0000000008007578        0x0
 .iplt          0x0000000008007578        0x0 c:/st/stm32cubeide_1.6.1/stm32cubeide/plugins/com.st.stm32cube.ide.mcu.externaltools.gnu-tools-for-stm32.9-2020-q2-update.win32_2.0.0.202105311346/tools/bin/../lib/gcc/arm-none-eabi/9.3.1/thumb/v7-m/nofp/crtbegin.o

.rodata         0x0000000008007578      0xec8
                0x0000000008007578                . = ALIGN (0x4)
 *(.rodata)
 .rodata        0x0000000008007578        0xe ./Drivers/STM32F1xx_HAL_Driver/Src/stm32f1xx_hal_rcc.o
 *(.rodata*)
 .rodata.FreeSans9pt7bBitmaps
                0x0000000008007586      0x47e ./Core/Src/FreeSans9pt7b.o
                0x0000000008007586                FreeSans9pt7bBitmaps
 .rodata.FreeSans9pt7bGlyphs
                0x0000000008007a04      0x2f8 ./Core/Src/FreeSans9pt7b.o
                0x0000000008007a04                FreeSans9pt7bGlyphs
 .rodata.update_screen.str1.1
                0x0000000008007cfc       0xeb ./Core/Src/main.o
                                         0xed (size before relaxing)
 .rodata.log_samples.str1.1
                0x0000000008007de7        0x5 ./Core/Src/main.o
 .rodata.Error_Handler.str1.1
                0x0000000008007dec       0x17 ./Core/Src/main.o
 .rodata.main.str1.1
                0x0000000008007e03       0x4b ./Core/Src/main.o
                                         0x4c (size before relaxing)
 .rodata.logo_bmp
                0x0000000008007e4e       0x20 ./Core/Src/main.o
 .rodata.dlist1.8741
                0x0000000008007e6e        0x5 ./Core/Src/oled_128b64.o
 .rodata.init1.8603
                0x0000000008007e73        0x4 ./Core/Src/oled_128b64.o
 .rodata.init2.8604
                0x0000000008007e77        0x4 ./Core/Src/oled_128b64.o
 .rodata.init3.8605
                0x0000000008007e7b        0x4 ./Core/Src/oled_128b64.o
 .rodata.init5.8608
                0x0000000008007e7f        0x6 ./Core/Src/oled_128b64.o
 .rodata.AHBPrescTable
                0x0000000008007e85       0x10 ./Core/Src/system_stm32f1xx.o
                0x0000000008007e85                AHBPrescTable
 .rodata.APBPrescTable
                0x0000000008007e95        0x8 ./Core/Src/system_stm32f1xx.o
                0x0000000008007e95                APBPrescTable
 .rodata.HAL_RCC_GetSysClockFreq.str1.1
                0x0000000008007e9d       0x11 ./Drivers/STM32F1xx_HAL_Driver/Src/stm32f1xx_hal_rcc.o
 .rodata.follow_path.str1.1
                0x0000000008007eae       0x10 ./Middlewares/Third_Party/FatFs/src/ff.o
 .rodata.ExCvt  0x0000000008007ebe       0x80 ./Middlewares/Third_Party/FatFs/src/ff.o
 .rodata.LfnOfs
                0x0000000008007f3e        0xd ./Middlewares/Third_Party/FatFs/src/ff.o
 *fill*         0x0000000008007f4b        0x1 
 .rodata.Tbl    0x0000000008007f4c      0x100 ./Middlewares/Third_Party/FatFs/src/option/ccsbcs.o
 .rodata.tbl_lower.8821
                0x000000000800804c      0x1e0 ./Middlewares/Third_Party/FatFs/src/option/ccsbcs.o
 .rodata.tbl_upper.8822
                0x000000000800822c      0x1e0 ./Middlewares/Third_Party/FatFs/src/option/ccsbcs.o
 .rodata._svfprintf_r.str1.1
                0x000000000800840c       0x11 c:/st/stm32cubeide_1.6.1/stm32cubeide/plugins/com.st.stm32cube.ide.mcu.externaltools.gnu-tools-for-stm32.9-2020-q2-update.win32_2.0.0.202105311346/tools/bin/../lib/gcc/arm-none-eabi/9.3.1/../../../../arm-none-eabi/lib/thumb/v7-m/nofp\libc_nano.a(lib_a-nano-svfprintf.o)
 .rodata._printf_i.str1.1
                0x000000000800841d       0x22 c:/st/stm32cubeide_1.6.1/stm32cubeide/plugins/com.st.stm32cube.ide.mcu.externaltools.gnu-tools-for-stm32.9-2020-q2-update.win32_2.0.0.202105311346/tools/bin/../lib/gcc/arm-none-eabi/9.3.1/../../../../arm-none-eabi/lib/thumb/v7-m/nofp\libc_nano.a(lib_a-nano-vfprintf_i.o)
                0x0000000008008440                . = ALIGN (0x4)
 *fill*         0x000000000800843f        0x1 

.ARM.extab      0x0000000008008440        0x0
                0x0000000008008440                . = ALIGN (0x4)
 *(.ARM.extab* .gnu.linkonce.armextab.*)
                0x0000000008008440                . = ALIGN (0x4)

.ARM            0x0000000008008440        0x8
                0x0000000008008440                . = ALIGN (0x4)
                0x0000000008008440                __exidx_start = .
 *(.ARM.exidx*)
 .ARM.exidx     0x0000000008008440        0x8 c:/st/stm32cubeide_1.6.1/stm32cubeide/plugins/com.st.stm32cube.ide.mcu.externaltools.gnu-tools-for-stm32.9-2020-q2-update.win32_2.0.0.202105311346/tools/bin/../lib/gcc/arm-none-eabi/9.3.1/thumb/v7-m/nofp\libgcc.a(_udivmoddi4.o)
                0x0000000008008448                __exidx_end = .
                0x0000000008008448                . = ALIGN (0x4)

.rel.dyn        0x0000000008008448        0x0
 .rel.iplt      0x0000000008008448        0x0 c:/st/stm32cubeide_1.6.1/stm32cubeide/plugins/com.st.stm32cube.ide.mcu.externaltools.gnu-tools-for-stm32.9-2020-q2-update.win32_2.0.0.202105311346/tools/bin/../lib/gcc/arm-none-eabi/9.3.1/thumb/v7-m/nofp/crtbegin.o

.preinit_array  0x0000000008008448        0x0
                0x0000000008008448                . = ALIGN (0x4)
                0x0000000008008448                PROVIDE (__preinit_array_start = .)
 *(.preinit_array*)
                0x0000000008008448                PROVIDE (__preinit_array_end = .)
                0x0000000008008448                . = ALIGN (0x4)

.init_array     0x0000000008008448        0x4
                0x0000000008008448                . = ALIGN (0x4)
                0x0000000008008448                PROVIDE (__init_array_start = .)
 *(SORT_BY_NAME(.init_array.*))
 *(.init_array*)
 .init_array    0x0000000008008448        0x4 c:/st/stm32cubeide_1.6.1/stm32cubeide/plugins/com.st.stm32cube.ide.mcu.externaltools.gnu-tools-for-stm32.9-2020-q2-update.win32_2.0.0.202105311346/tools/bin/../lib/gcc/arm-none-eabi/9.3.1/thumb/v7-m/nofp/crtbegin.o
                0x000000000800844c                PROVIDE (__init_array_end = .)
                0x000000000800844c                . = ALIGN (0x4)

.fini_array     0x000000000800844c        0x4
                0x000000000800844c                . = ALIGN (0x4)
                [!provide]                        PROVIDE (__fini_array_start = .)
 *(SORT_BY_NAME(.fini_array.*))
 *(.fini_array*)
 .fini_array    0x000000000800844c        0x4 c:/st/stm32cubeide_1.6.1/stm32cubeide/plugins/com.st.stm32cube.ide.mcu.externaltools.gnu-tools-for-stm32.9-2020-q2-update.win32_2.0.0.202105311346/tools/bin/../lib/gcc/arm-none-eabi/9.3.1/thumb/v7-m/nofp/crtbegin.o
                [!provide]                        PROVIDE (__fini_array_end = .)
                0x0000000008008450                . = ALIGN (0x4)
                0x0000000008008450                _sidata = LOADADDR (.data)

.data           0x0000000020000000       0x98 load address 0x0000000008008450
                0x0000000020000000                . = ALIGN (0x4)
                0x0000000020000000                _sdata = .
 *(.data)
 *(.data*)
 .data.FreeSans9pt7b
                0x0000000020000000       0x10 ./Core/Src/FreeSans9pt7b.o
                0x0000000020000000                FreeSans9pt7b
 .data.Stat     0x0000000020000010        0x1 ./Core/Src/fatfs_sd.o
 *fill*         0x0000000020000011        0x3 
 .data.SystemCoreClock
                0x0000000020000014        0x4 ./Core/Src/system_stm32f1xx.o
                0x0000000020000014                SystemCoreClock
 .data.uwTickFreq
                0x0000000020000018        0x1 ./Drivers/STM32F1xx_HAL_Driver/Src/stm32f1xx_hal.o
                0x0000000020000018                uwTickFreq
 *fill*         0x0000000020000019        0x3 
 .data.uwTickPrio
                0x000000002000001c        0x4 ./Drivers/STM32F1xx_HAL_Driver/Src/stm32f1xx_hal.o
                0x000000002000001c                uwTickPrio
 .data.USER_Driver
                0x0000000020000020       0x14 ./FATFS/Target/user_diskio.o
                0x0000000020000020                USER_Driver
 .data._impure_ptr
                0x0000000020000034        0x4 c:/st/stm32cubeide_1.6.1/stm32cubeide/plugins/com.st.stm32cube.ide.mcu.externaltools.gnu-tools-for-stm32.9-2020-q2-update.win32_2.0.0.202105311346/tools/bin/../lib/gcc/arm-none-eabi/9.3.1/../../../../arm-none-eabi/lib/thumb/v7-m/nofp\libc_nano.a(lib_a-impure.o)
                0x0000000020000034                _impure_ptr
 .data.impure_data
                0x0000000020000038       0x60 c:/st/stm32cubeide_1.6.1/stm32cubeide/plugins/com.st.stm32cube.ide.mcu.externaltools.gnu-tools-for-stm32.9-2020-q2-update.win32_2.0.0.202105311346/tools/bin/../lib/gcc/arm-none-eabi/9.3.1/../../../../arm-none-eabi/lib/thumb/v7-m/nofp\libc_nano.a(lib_a-impure.o)
 *(.RamFunc)
 *(.RamFunc*)
                0x0000000020000098                . = ALIGN (0x4)
                0x0000000020000098                _edata = .

.igot.plt       0x0000000020000098        0x0 load address 0x00000000080084e8
 .igot.plt      0x0000000020000098        0x0 c:/st/stm32cubeide_1.6.1/stm32cubeide/plugins/com.st.stm32cube.ide.mcu.externaltools.gnu-tools-for-stm32.9-2020-q2-update.win32_2.0.0.202105311346/tools/bin/../lib/gcc/arm-none-eabi/9.3.1/thumb/v7-m/nofp/crtbegin.o
                0x0000000020000098                . = ALIGN (0x4)

.bss            0x0000000020000098     0x4654 load address 0x00000000080084e8
                0x0000000020000098                _sbss = .
                0x0000000020000098                __bss_start__ = _sbss
 *(.bss)
 .bss           0x0000000020000098       0x1c c:/st/stm32cubeide_1.6.1/stm32cubeide/plugins/com.st.stm32cube.ide.mcu.externaltools.gnu-tools-for-stm32.9-2020-q2-update.win32_2.0.0.202105311346/tools/bin/../lib/gcc/arm-none-eabi/9.3.1/thumb/v7-m/nofp/crtbegin.o
 *(.bss*)
 .bss.CardType  0x00000000200000b4        0x1 ./Core/Src/fatfs_sd.o
 .bss.PowerFlag
                0x00000000200000b5        0x1 ./Core/Src/fatfs_sd.o
 .bss.FatFsCnt  0x00000000200000b6        0x1 ./Core/Src/stm32f1xx_it.o
                0x00000000200000b6                FatFsCnt
 *fill*         0x00000000200000b7        0x1 
 .bss.__sbrk_heap_end
                0x00000000200000b8        0x4 ./Core/Src/sysmem.o
 .bss.FatFs     0x00000000200000bc        0x4 ./Middlewares/Third_Party/FatFs/src/ff.o
 .bss.Files     0x00000000200000c0       0x18 ./Middlewares/Third_Party/FatFs/src/ff.o
 .bss.Fsid      0x00000000200000d8        0x2 ./Middlewares/Third_Party/FatFs/src/ff.o
 .bss.LfnBuf    0x00000000200000da      0x200 ./Middlewares/Third_Party/FatFs/src/ff.o
 *fill*         0x00000000200002da        0x2 
 .bss.disk      0x00000000200002dc        0xc ./Middlewares/Third_Party/FatFs/src/ff_gen_drv.o
                0x00000000200002dc                disk
 .bss.__malloc_free_list
                0x00000000200002e8        0x4 c:/st/stm32cubeide_1.6.1/stm32cubeide/plugins/com.st.stm32cube.ide.mcu.externaltools.gnu-tools-for-stm32.9-2020-q2-update.win32_2.0.0.202105311346/tools/bin/../lib/gcc/arm-none-eabi/9.3.1/../../../../arm-none-eabi/lib/thumb/v7-m/nofp\libc_nano.a(lib_a-nano-mallocr.o)
                0x00000000200002e8                __malloc_free_list
 .bss.__malloc_sbrk_start
                0x00000000200002ec        0x4 c:/st/stm32cubeide_1.6.1/stm32cubeide/plugins/com.st.stm32cube.ide.mcu.externaltools.gnu-tools-for-stm32.9-2020-q2-update.win32_2.0.0.202105311346/tools/bin/../lib/gcc/arm-none-eabi/9.3.1/../../../../arm-none-eabi/lib/thumb/v7-m/nofp\libc_nano.a(lib_a-nano-mallocr.o)
                0x00000000200002ec                __malloc_sbrk_start
 *(COMMON)
 COMMON         0x00000000200002f0     0x2381 ./Core/Src/main.o
                0x00000000200002f0                fre_clust
                0x00000000200002f4                oled
                0x0000000020000304                hspi2
                0x000000002000035c                fs
                0x000000002000138c                hi2c2
                0x00000000200013e0                err_p
                0x00000000200013e4                htim3
                0x000000002000142c                hadc1
                0x000000002000145c                free_space
                0x0000000020001460                huart1
                0x00000000200014a4                htim1
                0x00000000200014ec                time
                0x00000000200014f4                a2d
                0x000000002000152c                a2d_p
                0x0000000020001530                pfs
                0x0000000020001534                hspi1
                0x000000002000158c                htim2
                0x00000000200015d4                total
                0x00000000200015d8                sd_buffer
                0x000000002000163c                fres
                0x0000000020001640                fil
                0x000000002000266c                btn
 COMMON         0x0000000020002671        0x2 ./Core/Src/stm32f1xx_it.o
                0x0000000020002671                Timer2
                0x0000000020002672                Timer1
 *fill*         0x0000000020002673        0x1 
 COMMON         0x0000000020002674        0x4 ./Drivers/STM32F1xx_HAL_Driver/Src/stm32f1xx_hal.o
                0x0000000020002674                uwTick
 COMMON         0x0000000020002678     0x2064 ./FATFS/App/fatfs.o
                0x0000000020002678                USERPath
                0x000000002000267c                retUSER
                0x0000000020002680                USERFile
                0x00000000200036ac                USERFatFS
 COMMON         0x00000000200046dc        0x4 c:/st/stm32cubeide_1.6.1/stm32cubeide/plugins/com.st.stm32cube.ide.mcu.externaltools.gnu-tools-for-stm32.9-2020-q2-update.win32_2.0.0.202105311346/tools/bin/../lib/gcc/arm-none-eabi/9.3.1/../../../../arm-none-eabi/lib/thumb/v7-m/nofp\libc_nano.a(lib_a-reent.o)
                0x00000000200046dc                errno
 COMMON         0x00000000200046e0        0x9 c:/st/stm32cubeide_1.6.1/stm32cubeide/plugins/com.st.stm32cube.ide.mcu.externaltools.gnu-tools-for-stm32.9-2020-q2-update.win32_2.0.0.202105311346/tools/bin/../lib/gcc/arm-none-eabi/9.3.1/../../../../arm-none-eabi/lib/thumb/v7-m/nofp\libc_nano.a(lib_a-lock.o)
                0x00000000200046e0                __lock___atexit_recursive_mutex
                0x00000000200046e1                __lock___arc4random_mutex
                0x00000000200046e2                __lock___env_recursive_mutex
                0x00000000200046e3                __lock___sinit_recursive_mutex
                0x00000000200046e4                __lock___malloc_recursive_mutex
                0x00000000200046e5                __lock___at_quick_exit_mutex
                0x00000000200046e6                __lock___dd_hash_mutex
                0x00000000200046e7                __lock___tz_mutex
                0x00000000200046e8                __lock___sfp_recursive_mutex
                0x00000000200046ec                . = ALIGN (0x4)
 *fill*         0x00000000200046e9        0x3 
                0x00000000200046ec                _ebss = .
                0x00000000200046ec                __bss_end__ = _ebss

._user_heap_stack
                0x00000000200046ec      0x604 load address 0x00000000080084e8
                0x00000000200046f0                . = ALIGN (0x8)
 *fill*         0x00000000200046ec        0x4 
                [!provide]                        PROVIDE (end = .)
                0x00000000200046f0                PROVIDE (_end = .)
                0x00000000200048f0                . = (. + _Min_Heap_Size)
 *fill*         0x00000000200046f0      0x200 
                0x0000000020004cf0                . = (. + _Min_Stack_Size)
 *fill*         0x00000000200048f0      0x400 
                0x0000000020004cf0                . = ALIGN (0x8)

/DISCARD/
 libc.a(*)
 libm.a(*)
 libgcc.a(*)

.ARM.attributes
                0x0000000000000000       0x29
 *(.ARM.attributes)
 .ARM.attributes
                0x0000000000000000       0x1d c:/st/stm32cubeide_1.6.1/stm32cubeide/plugins/com.st.stm32cube.ide.mcu.externaltools.gnu-tools-for-stm32.9-2020-q2-update.win32_2.0.0.202105311346/tools/bin/../lib/gcc/arm-none-eabi/9.3.1/thumb/v7-m/nofp/crti.o
 .ARM.attributes
                0x000000000000001d       0x2d c:/st/stm32cubeide_1.6.1/stm32cubeide/plugins/com.st.stm32cube.ide.mcu.externaltools.gnu-tools-for-stm32.9-2020-q2-update.win32_2.0.0.202105311346/tools/bin/../lib/gcc/arm-none-eabi/9.3.1/thumb/v7-m/nofp/crtbegin.o
 .ARM.attributes
                0x000000000000004a       0x33 ./Core/Src/FreeSans9pt7b.o
 .ARM.attributes
                0x000000000000007d       0x2d ./Core/Src/ad4681.o
 .ARM.attributes
                0x00000000000000aa       0x2d ./Core/Src/fatfs_sd.o
 .ARM.attributes
                0x00000000000000d7       0x2d ./Core/Src/main.o
 .ARM.attributes
                0x0000000000000104       0x2d ./Core/Src/oled_128b64.o
 .ARM.attributes
                0x0000000000000131       0x2d ./Core/Src/stm32f1xx_hal_msp.o
 .ARM.attributes
                0x000000000000015e       0x2d ./Core/Src/stm32f1xx_it.o
 .ARM.attributes
                0x000000000000018b       0x2d ./Core/Src/sysmem.o
 .ARM.attributes
                0x00000000000001b8       0x2d ./Core/Src/system_stm32f1xx.o
 .ARM.attributes
                0x00000000000001e5       0x2d ./Core/Src/timer.o
 .ARM.attributes
                0x0000000000000212       0x2d ./Core/Src/uart.o
 .ARM.attributes
                0x000000000000023f       0x21 ./Core/Startup/startup_stm32f105vbhx.o
 .ARM.attributes
                0x0000000000000260       0x2d ./Drivers/STM32F1xx_HAL_Driver/Src/stm32f1xx_hal.o
 .ARM.attributes
                0x000000000000028d       0x2d ./Drivers/STM32F1xx_HAL_Driver/Src/stm32f1xx_hal_adc.o
 .ARM.attributes
                0x00000000000002ba       0x2d ./Drivers/STM32F1xx_HAL_Driver/Src/stm32f1xx_hal_cortex.o
 .ARM.attributes
                0x00000000000002e7       0x2d ./Drivers/STM32F1xx_HAL_Driver/Src/stm32f1xx_hal_gpio.o
 .ARM.attributes
                0x0000000000000314       0x2d ./Drivers/STM32F1xx_HAL_Driver/Src/stm32f1xx_hal_i2c.o
 .ARM.attributes
                0x0000000000000341       0x2d ./Drivers/STM32F1xx_HAL_Driver/Src/stm32f1xx_hal_rcc.o
 .ARM.attributes
                0x000000000000036e       0x2d ./Drivers/STM32F1xx_HAL_Driver/Src/stm32f1xx_hal_rcc_ex.o
 .ARM.attributes
                0x000000000000039b       0x2d ./Drivers/STM32F1xx_HAL_Driver/Src/stm32f1xx_hal_spi.o
 .ARM.attributes
                0x00000000000003c8       0x2d ./Drivers/STM32F1xx_HAL_Driver/Src/stm32f1xx_hal_tim.o
 .ARM.attributes
                0x00000000000003f5       0x2d ./Drivers/STM32F1xx_HAL_Driver/Src/stm32f1xx_hal_tim_ex.o
 .ARM.attributes
                0x0000000000000422       0x2d ./Drivers/STM32F1xx_HAL_Driver/Src/stm32f1xx_hal_uart.o
 .ARM.attributes
                0x000000000000044f       0x2d ./FATFS/App/fatfs.o
 .ARM.attributes
                0x000000000000047c       0x2d ./FATFS/Target/user_diskio.o
 .ARM.attributes
                0x00000000000004a9       0x2d ./Middlewares/Third_Party/FatFs/src/diskio.o
 .ARM.attributes
                0x00000000000004d6       0x2d ./Middlewares/Third_Party/FatFs/src/ff.o
 .ARM.attributes
                0x0000000000000503       0x2d ./Middlewares/Third_Party/FatFs/src/ff_gen_drv.o
 .ARM.attributes
                0x0000000000000530       0x2d ./Middlewares/Third_Party/FatFs/src/option/ccsbcs.o
 .ARM.attributes
                0x000000000000055d       0x2d c:/st/stm32cubeide_1.6.1/stm32cubeide/plugins/com.st.stm32cube.ide.mcu.externaltools.gnu-tools-for-stm32.9-2020-q2-update.win32_2.0.0.202105311346/tools/bin/../lib/gcc/arm-none-eabi/9.3.1/../../../../arm-none-eabi/lib/thumb/v7-m/nofp\libc_nano.a(lib_a-errno.o)
 .ARM.attributes
                0x000000000000058a       0x2d c:/st/stm32cubeide_1.6.1/stm32cubeide/plugins/com.st.stm32cube.ide.mcu.externaltools.gnu-tools-for-stm32.9-2020-q2-update.win32_2.0.0.202105311346/tools/bin/../lib/gcc/arm-none-eabi/9.3.1/../../../../arm-none-eabi/lib/thumb/v7-m/nofp\libc_nano.a(lib_a-impure.o)
 .ARM.attributes
                0x00000000000005b7       0x2d c:/st/stm32cubeide_1.6.1/stm32cubeide/plugins/com.st.stm32cube.ide.mcu.externaltools.gnu-tools-for-stm32.9-2020-q2-update.win32_2.0.0.202105311346/tools/bin/../lib/gcc/arm-none-eabi/9.3.1/../../../../arm-none-eabi/lib/thumb/v7-m/nofp\libc_nano.a(lib_a-init.o)
 .ARM.attributes
                0x00000000000005e4       0x2d c:/st/stm32cubeide_1.6.1/stm32cubeide/plugins/com.st.stm32cube.ide.mcu.externaltools.gnu-tools-for-stm32.9-2020-q2-update.win32_2.0.0.202105311346/tools/bin/../lib/gcc/arm-none-eabi/9.3.1/../../../../arm-none-eabi/lib/thumb/v7-m/nofp\libc_nano.a(lib_a-memset.o)
 .ARM.attributes
                0x0000000000000611       0x2d c:/st/stm32cubeide_1.6.1/stm32cubeide/plugins/com.st.stm32cube.ide.mcu.externaltools.gnu-tools-for-stm32.9-2020-q2-update.win32_2.0.0.202105311346/tools/bin/../lib/gcc/arm-none-eabi/9.3.1/../../../../arm-none-eabi/lib/thumb/v7-m/nofp\libc_nano.a(lib_a-sprintf.o)
 .ARM.attributes
                0x000000000000063e       0x2d c:/st/stm32cubeide_1.6.1/stm32cubeide/plugins/com.st.stm32cube.ide.mcu.externaltools.gnu-tools-for-stm32.9-2020-q2-update.win32_2.0.0.202105311346/tools/bin/../lib/gcc/arm-none-eabi/9.3.1/../../../../arm-none-eabi/lib/thumb/v7-m/nofp\libc_nano.a(lib_a-strcat.o)
 .ARM.attributes
                0x000000000000066b       0x2d c:/st/stm32cubeide_1.6.1/stm32cubeide/plugins/com.st.stm32cube.ide.mcu.externaltools.gnu-tools-for-stm32.9-2020-q2-update.win32_2.0.0.202105311346/tools/bin/../lib/gcc/arm-none-eabi/9.3.1/../../../../arm-none-eabi/lib/thumb/v7-m/nofp\libc_nano.a(lib_a-nano-svfprintf.o)
 .ARM.attributes
                0x0000000000000698       0x2d c:/st/stm32cubeide_1.6.1/stm32cubeide/plugins/com.st.stm32cube.ide.mcu.externaltools.gnu-tools-for-stm32.9-2020-q2-update.win32_2.0.0.202105311346/tools/bin/../lib/gcc/arm-none-eabi/9.3.1/../../../../arm-none-eabi/lib/thumb/v7-m/nofp\libc_nano.a(lib_a-nano-vfprintf_i.o)
 .ARM.attributes
                0x00000000000006c5       0x2d c:/st/stm32cubeide_1.6.1/stm32cubeide/plugins/com.st.stm32cube.ide.mcu.externaltools.gnu-tools-for-stm32.9-2020-q2-update.win32_2.0.0.202105311346/tools/bin/../lib/gcc/arm-none-eabi/9.3.1/../../../../arm-none-eabi/lib/thumb/v7-m/nofp\libc_nano.a(lib_a-memchr-stub.o)
 .ARM.attributes
                0x00000000000006f2       0x2d c:/st/stm32cubeide_1.6.1/stm32cubeide/plugins/com.st.stm32cube.ide.mcu.externaltools.gnu-tools-for-stm32.9-2020-q2-update.win32_2.0.0.202105311346/tools/bin/../lib/gcc/arm-none-eabi/9.3.1/../../../../arm-none-eabi/lib/thumb/v7-m/nofp\libc_nano.a(lib_a-memcpy-stub.o)
 .ARM.attributes
                0x000000000000071f       0x2d c:/st/stm32cubeide_1.6.1/stm32cubeide/plugins/com.st.stm32cube.ide.mcu.externaltools.gnu-tools-for-stm32.9-2020-q2-update.win32_2.0.0.202105311346/tools/bin/../lib/gcc/arm-none-eabi/9.3.1/../../../../arm-none-eabi/lib/thumb/v7-m/nofp\libc_nano.a(lib_a-memmove.o)
 .ARM.attributes
                0x000000000000074c       0x2d c:/st/stm32cubeide_1.6.1/stm32cubeide/plugins/com.st.stm32cube.ide.mcu.externaltools.gnu-tools-for-stm32.9-2020-q2-update.win32_2.0.0.202105311346/tools/bin/../lib/gcc/arm-none-eabi/9.3.1/../../../../arm-none-eabi/lib/thumb/v7-m/nofp\libc_nano.a(lib_a-nano-freer.o)
 .ARM.attributes
                0x0000000000000779       0x2d c:/st/stm32cubeide_1.6.1/stm32cubeide/plugins/com.st.stm32cube.ide.mcu.externaltools.gnu-tools-for-stm32.9-2020-q2-update.win32_2.0.0.202105311346/tools/bin/../lib/gcc/arm-none-eabi/9.3.1/../../../../arm-none-eabi/lib/thumb/v7-m/nofp\libc_nano.a(lib_a-nano-mallocr.o)
 .ARM.attributes
                0x00000000000007a6       0x2d c:/st/stm32cubeide_1.6.1/stm32cubeide/plugins/com.st.stm32cube.ide.mcu.externaltools.gnu-tools-for-stm32.9-2020-q2-update.win32_2.0.0.202105311346/tools/bin/../lib/gcc/arm-none-eabi/9.3.1/../../../../arm-none-eabi/lib/thumb/v7-m/nofp\libc_nano.a(lib_a-nano-reallocr.o)
 .ARM.attributes
                0x00000000000007d3       0x2d c:/st/stm32cubeide_1.6.1/stm32cubeide/plugins/com.st.stm32cube.ide.mcu.externaltools.gnu-tools-for-stm32.9-2020-q2-update.win32_2.0.0.202105311346/tools/bin/../lib/gcc/arm-none-eabi/9.3.1/../../../../arm-none-eabi/lib/thumb/v7-m/nofp\libc_nano.a(lib_a-sbrkr.o)
 .ARM.attributes
                0x0000000000000800       0x2d c:/st/stm32cubeide_1.6.1/stm32cubeide/plugins/com.st.stm32cube.ide.mcu.externaltools.gnu-tools-for-stm32.9-2020-q2-update.win32_2.0.0.202105311346/tools/bin/../lib/gcc/arm-none-eabi/9.3.1/../../../../arm-none-eabi/lib/thumb/v7-m/nofp\libc_nano.a(lib_a-mlock.o)
 .ARM.attributes
                0x000000000000082d       0x2d c:/st/stm32cubeide_1.6.1/stm32cubeide/plugins/com.st.stm32cube.ide.mcu.externaltools.gnu-tools-for-stm32.9-2020-q2-update.win32_2.0.0.202105311346/tools/bin/../lib/gcc/arm-none-eabi/9.3.1/../../../../arm-none-eabi/lib/thumb/v7-m/nofp\libc_nano.a(lib_a-nano-msizer.o)
 .ARM.attributes
                0x000000000000085a       0x2d c:/st/stm32cubeide_1.6.1/stm32cubeide/plugins/com.st.stm32cube.ide.mcu.externaltools.gnu-tools-for-stm32.9-2020-q2-update.win32_2.0.0.202105311346/tools/bin/../lib/gcc/arm-none-eabi/9.3.1/../../../../arm-none-eabi/lib/thumb/v7-m/nofp\libc_nano.a(lib_a-reent.o)
 .ARM.attributes
                0x0000000000000887       0x2d c:/st/stm32cubeide_1.6.1/stm32cubeide/plugins/com.st.stm32cube.ide.mcu.externaltools.gnu-tools-for-stm32.9-2020-q2-update.win32_2.0.0.202105311346/tools/bin/../lib/gcc/arm-none-eabi/9.3.1/../../../../arm-none-eabi/lib/thumb/v7-m/nofp\libc_nano.a(lib_a-lock.o)
 .ARM.attributes
                0x00000000000008b4       0x1d c:/st/stm32cubeide_1.6.1/stm32cubeide/plugins/com.st.stm32cube.ide.mcu.externaltools.gnu-tools-for-stm32.9-2020-q2-update.win32_2.0.0.202105311346/tools/bin/../lib/gcc/arm-none-eabi/9.3.1/thumb/v7-m/nofp\libgcc.a(_arm_muldf3.o)
 .ARM.attributes
                0x00000000000008d1       0x1d c:/st/stm32cubeide_1.6.1/stm32cubeide/plugins/com.st.stm32cube.ide.mcu.externaltools.gnu-tools-for-stm32.9-2020-q2-update.win32_2.0.0.202105311346/tools/bin/../lib/gcc/arm-none-eabi/9.3.1/thumb/v7-m/nofp\libgcc.a(_arm_addsubdf3.o)
 .ARM.attributes
                0x00000000000008ee       0x1d c:/st/stm32cubeide_1.6.1/stm32cubeide/plugins/com.st.stm32cube.ide.mcu.externaltools.gnu-tools-for-stm32.9-2020-q2-update.win32_2.0.0.202105311346/tools/bin/../lib/gcc/arm-none-eabi/9.3.1/thumb/v7-m/nofp\libgcc.a(_arm_fixunsdfsi.o)
 .ARM.attributes
                0x000000000000090b       0x1d c:/st/stm32cubeide_1.6.1/stm32cubeide/plugins/com.st.stm32cube.ide.mcu.externaltools.gnu-tools-for-stm32.9-2020-q2-update.win32_2.0.0.202105311346/tools/bin/../lib/gcc/arm-none-eabi/9.3.1/thumb/v7-m/nofp\libgcc.a(_arm_truncdfsf2.o)
 .ARM.attributes
                0x0000000000000928       0x1d c:/st/stm32cubeide_1.6.1/stm32cubeide/plugins/com.st.stm32cube.ide.mcu.externaltools.gnu-tools-for-stm32.9-2020-q2-update.win32_2.0.0.202105311346/tools/bin/../lib/gcc/arm-none-eabi/9.3.1/thumb/v7-m/nofp\libgcc.a(_arm_addsubsf3.o)
 .ARM.attributes
                0x0000000000000945       0x1d c:/st/stm32cubeide_1.6.1/stm32cubeide/plugins/com.st.stm32cube.ide.mcu.externaltools.gnu-tools-for-stm32.9-2020-q2-update.win32_2.0.0.202105311346/tools/bin/../lib/gcc/arm-none-eabi/9.3.1/thumb/v7-m/nofp\libgcc.a(_arm_muldivsf3.o)
 .ARM.attributes
                0x0000000000000962       0x1d c:/st/stm32cubeide_1.6.1/stm32cubeide/plugins/com.st.stm32cube.ide.mcu.externaltools.gnu-tools-for-stm32.9-2020-q2-update.win32_2.0.0.202105311346/tools/bin/../lib/gcc/arm-none-eabi/9.3.1/thumb/v7-m/nofp\libgcc.a(_arm_cmpsf2.o)
 .ARM.attributes
                0x000000000000097f       0x1d c:/st/stm32cubeide_1.6.1/stm32cubeide/plugins/com.st.stm32cube.ide.mcu.externaltools.gnu-tools-for-stm32.9-2020-q2-update.win32_2.0.0.202105311346/tools/bin/../lib/gcc/arm-none-eabi/9.3.1/thumb/v7-m/nofp\libgcc.a(_aeabi_uldivmod.o)
 .ARM.attributes
                0x000000000000099c       0x2d c:/st/stm32cubeide_1.6.1/stm32cubeide/plugins/com.st.stm32cube.ide.mcu.externaltools.gnu-tools-for-stm32.9-2020-q2-update.win32_2.0.0.202105311346/tools/bin/../lib/gcc/arm-none-eabi/9.3.1/thumb/v7-m/nofp\libgcc.a(_udivmoddi4.o)
 .ARM.attributes
                0x00000000000009c9       0x1d c:/st/stm32cubeide_1.6.1/stm32cubeide/plugins/com.st.stm32cube.ide.mcu.externaltools.gnu-tools-for-stm32.9-2020-q2-update.win32_2.0.0.202105311346/tools/bin/../lib/gcc/arm-none-eabi/9.3.1/thumb/v7-m/nofp\libgcc.a(_dvmd_tls.o)
 .ARM.attributes
                0x00000000000009e6       0x1d c:/st/stm32cubeide_1.6.1/stm32cubeide/plugins/com.st.stm32cube.ide.mcu.externaltools.gnu-tools-for-stm32.9-2020-q2-update.win32_2.0.0.202105311346/tools/bin/../lib/gcc/arm-none-eabi/9.3.1/thumb/v7-m/nofp/crtn.o
OUTPUT(power_logger.elf elf32-littlearm)
LOAD linker stubs
LOAD c:/st/stm32cubeide_1.6.1/stm32cubeide/plugins/com.st.stm32cube.ide.mcu.externaltools.gnu-tools-for-stm32.9-2020-q2-update.win32_2.0.0.202105311346/tools/bin/../lib/gcc/arm-none-eabi/9.3.1/../../../../arm-none-eabi/lib/thumb/v7-m/nofp\libc.a
LOAD c:/st/stm32cubeide_1.6.1/stm32cubeide/plugins/com.st.stm32cube.ide.mcu.externaltools.gnu-tools-for-stm32.9-2020-q2-update.win32_2.0.0.202105311346/tools/bin/../lib/gcc/arm-none-eabi/9.3.1/../../../../arm-none-eabi/lib/thumb/v7-m/nofp\libm.a
LOAD c:/st/stm32cubeide_1.6.1/stm32cubeide/plugins/com.st.stm32cube.ide.mcu.externaltools.gnu-tools-for-stm32.9-2020-q2-update.win32_2.0.0.202105311346/tools/bin/../lib/gcc/arm-none-eabi/9.3.1/thumb/v7-m/nofp\libgcc.a

.comment        0x0000000000000000       0x53
 .comment       0x0000000000000000       0x53 ./Core/Src/FreeSans9pt7b.o
                                         0x54 (size before relaxing)
 .comment       0x0000000000000053       0x54 ./Core/Src/ad4681.o
 .comment       0x0000000000000053       0x54 ./Core/Src/fatfs_sd.o
 .comment       0x0000000000000053       0x54 ./Core/Src/main.o
 .comment       0x0000000000000053       0x54 ./Core/Src/oled_128b64.o
 .comment       0x0000000000000053       0x54 ./Core/Src/stm32f1xx_hal_msp.o
 .comment       0x0000000000000053       0x54 ./Core/Src/stm32f1xx_it.o
 .comment       0x0000000000000053       0x54 ./Core/Src/sysmem.o
 .comment       0x0000000000000053       0x54 ./Core/Src/system_stm32f1xx.o
 .comment       0x0000000000000053       0x54 ./Core/Src/timer.o
 .comment       0x0000000000000053       0x54 ./Core/Src/uart.o
 .comment       0x0000000000000053       0x54 ./Drivers/STM32F1xx_HAL_Driver/Src/stm32f1xx_hal.o
 .comment       0x0000000000000053       0x54 ./Drivers/STM32F1xx_HAL_Driver/Src/stm32f1xx_hal_adc.o
 .comment       0x0000000000000053       0x54 ./Drivers/STM32F1xx_HAL_Driver/Src/stm32f1xx_hal_cortex.o
 .comment       0x0000000000000053       0x54 ./Drivers/STM32F1xx_HAL_Driver/Src/stm32f1xx_hal_gpio.o
 .comment       0x0000000000000053       0x54 ./Drivers/STM32F1xx_HAL_Driver/Src/stm32f1xx_hal_i2c.o
 .comment       0x0000000000000053       0x54 ./Drivers/STM32F1xx_HAL_Driver/Src/stm32f1xx_hal_rcc.o
 .comment       0x0000000000000053       0x54 ./Drivers/STM32F1xx_HAL_Driver/Src/stm32f1xx_hal_rcc_ex.o
 .comment       0x0000000000000053       0x54 ./Drivers/STM32F1xx_HAL_Driver/Src/stm32f1xx_hal_spi.o
 .comment       0x0000000000000053       0x54 ./Drivers/STM32F1xx_HAL_Driver/Src/stm32f1xx_hal_tim.o
 .comment       0x0000000000000053       0x54 ./Drivers/STM32F1xx_HAL_Driver/Src/stm32f1xx_hal_tim_ex.o
 .comment       0x0000000000000053       0x54 ./Drivers/STM32F1xx_HAL_Driver/Src/stm32f1xx_hal_uart.o
 .comment       0x0000000000000053       0x54 ./FATFS/App/fatfs.o
 .comment       0x0000000000000053       0x54 ./FATFS/Target/user_diskio.o
 .comment       0x0000000000000053       0x54 ./Middlewares/Third_Party/FatFs/src/diskio.o
 .comment       0x0000000000000053       0x54 ./Middlewares/Third_Party/FatFs/src/ff.o
 .comment       0x0000000000000053       0x54 ./Middlewares/Third_Party/FatFs/src/ff_gen_drv.o
 .comment       0x0000000000000053       0x54 ./Middlewares/Third_Party/FatFs/src/option/ccsbcs.o

.debug_frame    0x0000000000000000      0x764
 .debug_frame   0x0000000000000000       0x20 c:/st/stm32cubeide_1.6.1/stm32cubeide/plugins/com.st.stm32cube.ide.mcu.externaltools.gnu-tools-for-stm32.9-2020-q2-update.win32_2.0.0.202105311346/tools/bin/../lib/gcc/arm-none-eabi/9.3.1/../../../../arm-none-eabi/lib/thumb/v7-m/nofp\libc_nano.a(lib_a-errno.o)
 .debug_frame   0x0000000000000020       0x2c c:/st/stm32cubeide_1.6.1/stm32cubeide/plugins/com.st.stm32cube.ide.mcu.externaltools.gnu-tools-for-stm32.9-2020-q2-update.win32_2.0.0.202105311346/tools/bin/../lib/gcc/arm-none-eabi/9.3.1/../../../../arm-none-eabi/lib/thumb/v7-m/nofp\libc_nano.a(lib_a-init.o)
 .debug_frame   0x000000000000004c       0x20 c:/st/stm32cubeide_1.6.1/stm32cubeide/plugins/com.st.stm32cube.ide.mcu.externaltools.gnu-tools-for-stm32.9-2020-q2-update.win32_2.0.0.202105311346/tools/bin/../lib/gcc/arm-none-eabi/9.3.1/../../../../arm-none-eabi/lib/thumb/v7-m/nofp\libc_nano.a(lib_a-memset.o)
 .debug_frame   0x000000000000006c       0x6c c:/st/stm32cubeide_1.6.1/stm32cubeide/plugins/com.st.stm32cube.ide.mcu.externaltools.gnu-tools-for-stm32.9-2020-q2-update.win32_2.0.0.202105311346/tools/bin/../lib/gcc/arm-none-eabi/9.3.1/../../../../arm-none-eabi/lib/thumb/v7-m/nofp\libc_nano.a(lib_a-sprintf.o)
 .debug_frame   0x00000000000000d8       0x28 c:/st/stm32cubeide_1.6.1/stm32cubeide/plugins/com.st.stm32cube.ide.mcu.externaltools.gnu-tools-for-stm32.9-2020-q2-update.win32_2.0.0.202105311346/tools/bin/../lib/gcc/arm-none-eabi/9.3.1/../../../../arm-none-eabi/lib/thumb/v7-m/nofp\libc_nano.a(lib_a-strcat.o)
 .debug_frame   0x0000000000000100       0x90 c:/st/stm32cubeide_1.6.1/stm32cubeide/plugins/com.st.stm32cube.ide.mcu.externaltools.gnu-tools-for-stm32.9-2020-q2-update.win32_2.0.0.202105311346/tools/bin/../lib/gcc/arm-none-eabi/9.3.1/../../../../arm-none-eabi/lib/thumb/v7-m/nofp\libc_nano.a(lib_a-nano-svfprintf.o)
 .debug_frame   0x0000000000000190       0x60 c:/st/stm32cubeide_1.6.1/stm32cubeide/plugins/com.st.stm32cube.ide.mcu.externaltools.gnu-tools-for-stm32.9-2020-q2-update.win32_2.0.0.202105311346/tools/bin/../lib/gcc/arm-none-eabi/9.3.1/../../../../arm-none-eabi/lib/thumb/v7-m/nofp\libc_nano.a(lib_a-nano-vfprintf_i.o)
 .debug_frame   0x00000000000001f0       0x28 c:/st/stm32cubeide_1.6.1/stm32cubeide/plugins/com.st.stm32cube.ide.mcu.externaltools.gnu-tools-for-stm32.9-2020-q2-update.win32_2.0.0.202105311346/tools/bin/../lib/gcc/arm-none-eabi/9.3.1/../../../../arm-none-eabi/lib/thumb/v7-m/nofp\libc_nano.a(lib_a-memchr-stub.o)
 .debug_frame   0x0000000000000218       0x28 c:/st/stm32cubeide_1.6.1/stm32cubeide/plugins/com.st.stm32cube.ide.mcu.externaltools.gnu-tools-for-stm32.9-2020-q2-update.win32_2.0.0.202105311346/tools/bin/../lib/gcc/arm-none-eabi/9.3.1/../../../../arm-none-eabi/lib/thumb/v7-m/nofp\libc_nano.a(lib_a-memcpy-stub.o)
 .debug_frame   0x0000000000000240       0x28 c:/st/stm32cubeide_1.6.1/stm32cubeide/plugins/com.st.stm32cube.ide.mcu.externaltools.gnu-tools-for-stm32.9-2020-q2-update.win32_2.0.0.202105311346/tools/bin/../lib/gcc/arm-none-eabi/9.3.1/../../../../arm-none-eabi/lib/thumb/v7-m/nofp\libc_nano.a(lib_a-memmove.o)
 .debug_frame   0x0000000000000268       0x38 c:/st/stm32cubeide_1.6.1/stm32cubeide/plugins/com.st.stm32cube.ide.mcu.externaltools.gnu-tools-for-stm32.9-2020-q2-update.win32_2.0.0.202105311346/tools/bin/../lib/gcc/arm-none-eabi/9.3.1/../../../../arm-none-eabi/lib/thumb/v7-m/nofp\libc_nano.a(lib_a-nano-freer.o)
 .debug_frame   0x00000000000002a0       0x30 c:/st/stm32cubeide_1.6.1/stm32cubeide/plugins/com.st.stm32cube.ide.mcu.externaltools.gnu-tools-for-stm32.9-2020-q2-update.win32_2.0.0.202105311346/tools/bin/../lib/gcc/arm-none-eabi/9.3.1/../../../../arm-none-eabi/lib/thumb/v7-m/nofp\libc_nano.a(lib_a-nano-mallocr.o)
 .debug_frame   0x00000000000002d0       0x3c c:/st/stm32cubeide_1.6.1/stm32cubeide/plugins/com.st.stm32cube.ide.mcu.externaltools.gnu-tools-for-stm32.9-2020-q2-update.win32_2.0.0.202105311346/tools/bin/../lib/gcc/arm-none-eabi/9.3.1/../../../../arm-none-eabi/lib/thumb/v7-m/nofp\libc_nano.a(lib_a-nano-reallocr.o)
 .debug_frame   0x000000000000030c       0x2c c:/st/stm32cubeide_1.6.1/stm32cubeide/plugins/com.st.stm32cube.ide.mcu.externaltools.gnu-tools-for-stm32.9-2020-q2-update.win32_2.0.0.202105311346/tools/bin/../lib/gcc/arm-none-eabi/9.3.1/../../../../arm-none-eabi/lib/thumb/v7-m/nofp\libc_nano.a(lib_a-sbrkr.o)
 .debug_frame   0x0000000000000338       0x30 c:/st/stm32cubeide_1.6.1/stm32cubeide/plugins/com.st.stm32cube.ide.mcu.externaltools.gnu-tools-for-stm32.9-2020-q2-update.win32_2.0.0.202105311346/tools/bin/../lib/gcc/arm-none-eabi/9.3.1/../../../../arm-none-eabi/lib/thumb/v7-m/nofp\libc_nano.a(lib_a-mlock.o)
 .debug_frame   0x0000000000000368       0x20 c:/st/stm32cubeide_1.6.1/stm32cubeide/plugins/com.st.stm32cube.ide.mcu.externaltools.gnu-tools-for-stm32.9-2020-q2-update.win32_2.0.0.202105311346/tools/bin/../lib/gcc/arm-none-eabi/9.3.1/../../../../arm-none-eabi/lib/thumb/v7-m/nofp\libc_nano.a(lib_a-nano-msizer.o)
 .debug_frame   0x0000000000000388       0x5c c:/st/stm32cubeide_1.6.1/stm32cubeide/plugins/com.st.stm32cube.ide.mcu.externaltools.gnu-tools-for-stm32.9-2020-q2-update.win32_2.0.0.202105311346/tools/bin/../lib/gcc/arm-none-eabi/9.3.1/../../../../arm-none-eabi/lib/thumb/v7-m/nofp\libc_nano.a(lib_a-reent.o)
 .debug_frame   0x00000000000003e4       0xb0 c:/st/stm32cubeide_1.6.1/stm32cubeide/plugins/com.st.stm32cube.ide.mcu.externaltools.gnu-tools-for-stm32.9-2020-q2-update.win32_2.0.0.202105311346/tools/bin/../lib/gcc/arm-none-eabi/9.3.1/../../../../arm-none-eabi/lib/thumb/v7-m/nofp\libc_nano.a(lib_a-lock.o)
 .debug_frame   0x0000000000000494       0x30 c:/st/stm32cubeide_1.6.1/stm32cubeide/plugins/com.st.stm32cube.ide.mcu.externaltools.gnu-tools-for-stm32.9-2020-q2-update.win32_2.0.0.202105311346/tools/bin/../lib/gcc/arm-none-eabi/9.3.1/thumb/v7-m/nofp\libgcc.a(_arm_muldf3.o)
 .debug_frame   0x00000000000004c4       0xac c:/st/stm32cubeide_1.6.1/stm32cubeide/plugins/com.st.stm32cube.ide.mcu.externaltools.gnu-tools-for-stm32.9-2020-q2-update.win32_2.0.0.202105311346/tools/bin/../lib/gcc/arm-none-eabi/9.3.1/thumb/v7-m/nofp\libgcc.a(_arm_addsubdf3.o)
 .debug_frame   0x0000000000000570       0x24 c:/st/stm32cubeide_1.6.1/stm32cubeide/plugins/com.st.stm32cube.ide.mcu.externaltools.gnu-tools-for-stm32.9-2020-q2-update.win32_2.0.0.202105311346/tools/bin/../lib/gcc/arm-none-eabi/9.3.1/thumb/v7-m/nofp\libgcc.a(_arm_fixunsdfsi.o)
 .debug_frame   0x0000000000000594       0x24 c:/st/stm32cubeide_1.6.1/stm32cubeide/plugins/com.st.stm32cube.ide.mcu.externaltools.gnu-tools-for-stm32.9-2020-q2-update.win32_2.0.0.202105311346/tools/bin/../lib/gcc/arm-none-eabi/9.3.1/thumb/v7-m/nofp\libgcc.a(_arm_truncdfsf2.o)
 .debug_frame   0x00000000000005b8       0x4c c:/st/stm32cubeide_1.6.1/stm32cubeide/plugins/com.st.stm32cube.ide.mcu.externaltools.gnu-tools-for-stm32.9-2020-q2-update.win32_2.0.0.202105311346/tools/bin/../lib/gcc/arm-none-eabi/9.3.1/thumb/v7-m/nofp\libgcc.a(_arm_addsubsf3.o)
 .debug_frame   0x0000000000000604       0x38 c:/st/stm32cubeide_1.6.1/stm32cubeide/plugins/com.st.stm32cube.ide.mcu.externaltools.gnu-tools-for-stm32.9-2020-q2-update.win32_2.0.0.202105311346/tools/bin/../lib/gcc/arm-none-eabi/9.3.1/thumb/v7-m/nofp\libgcc.a(_arm_muldivsf3.o)
 .debug_frame   0x000000000000063c       0xc8 c:/st/stm32cubeide_1.6.1/stm32cubeide/plugins/com.st.stm32cube.ide.mcu.externaltools.gnu-tools-for-stm32.9-2020-q2-update.win32_2.0.0.202105311346/tools/bin/../lib/gcc/arm-none-eabi/9.3.1/thumb/v7-m/nofp\libgcc.a(_arm_cmpsf2.o)